Component: ARM Compiler 5.06 update 6 (build 750) Tool: armlink [4d35ed]

==============================================================================

Section Cross References

    startup_stm32f103xe.o(RESET) refers to startup_stm32f103xe.o(STACK) for __initial_sp
    startup_stm32f103xe.o(RESET) refers to startup_stm32f103xe.o(.text) for Reset_Handler
    startup_stm32f103xe.o(RESET) refers to stm32f1xx_it.o(i.NMI_Handler) for NMI_Handler
    startup_stm32f103xe.o(RESET) refers to stm32f1xx_it.o(i.HardFault_Handler) for HardFault_Handler
    startup_stm32f103xe.o(RESET) refers to stm32f1xx_it.o(i.MemManage_Handler) for MemManage_Handler
    startup_stm32f103xe.o(RESET) refers to stm32f1xx_it.o(i.BusFault_Handler) for BusFault_Handler
    startup_stm32f103xe.o(RESET) refers to stm32f1xx_it.o(i.UsageFault_Handler) for UsageFault_Handler
    startup_stm32f103xe.o(RESET) refers to stm32f1xx_it.o(i.SVC_Handler) for SVC_Handler
    startup_stm32f103xe.o(RESET) refers to stm32f1xx_it.o(i.DebugMon_Handler) for DebugMon_Handler
    startup_stm32f103xe.o(RESET) refers to stm32f1xx_it.o(i.PendSV_Handler) for PendSV_Handler
    startup_stm32f103xe.o(RESET) refers to stm32f1xx_it.o(i.SysTick_Handler) for SysTick_Handler
    startup_stm32f103xe.o(RESET) refers to stm32f1xx_it.o(i.DMA1_Channel4_IRQHandler) for DMA1_Channel4_IRQHandler
    startup_stm32f103xe.o(RESET) refers to stm32f1xx_it.o(i.USART1_IRQHandler) for USART1_IRQHandler
    startup_stm32f103xe.o(.text) refers to system_stm32f1xx.o(i.SystemInit) for SystemInit
    startup_stm32f103xe.o(.text) refers to entry.o(.ARM.Collect$$$$00000000) for __main
    main.o(i.SystemClock_Config) refers to memseta.o(.text) for __aeabi_memclr4
    main.o(i.SystemClock_Config) refers to stm32f1xx_hal_rcc.o(i.HAL_RCC_OscConfig) for HAL_RCC_OscConfig
    main.o(i.SystemClock_Config) refers to main.o(i.Error_Handler) for Error_Handler
    main.o(i.SystemClock_Config) refers to stm32f1xx_hal_rcc.o(i.HAL_RCC_ClockConfig) for HAL_RCC_ClockConfig
    main.o(i.SystemClock_Config) refers to stm32f1xx_hal_rcc_ex.o(i.HAL_RCCEx_PeriphCLKConfig) for HAL_RCCEx_PeriphCLKConfig
    main.o(i.main) refers to stm32f1xx_hal.o(i.HAL_Init) for HAL_Init
    main.o(i.main) refers to main.o(i.SystemClock_Config) for SystemClock_Config
    main.o(i.main) refers to gpio.o(i.MX_GPIO_Init) for MX_GPIO_Init
    main.o(i.main) refers to dma.o(i.MX_DMA_Init) for MX_DMA_Init
    main.o(i.main) refers to rtc.o(i.MX_RTC_Init) for MX_RTC_Init
    main.o(i.main) refers to usart.o(i.MX_USART1_UART_Init) for MX_USART1_UART_Init
    main.o(i.main) refers to usart.o(i.USARTInit) for USARTInit
    main.o(i.main) refers to mqttinterface.o(i.AliMQTTConnect) for AliMQTTConnect
    main.o(i.main) refers to mqttinterface.o(i.Ali_MQTT_Yield) for Ali_MQTT_Yield
    dma.o(i.MX_DMA_Init) refers to stm32f1xx_hal_cortex.o(i.HAL_NVIC_SetPriority) for HAL_NVIC_SetPriority
    dma.o(i.MX_DMA_Init) refers to stm32f1xx_hal_cortex.o(i.HAL_NVIC_EnableIRQ) for HAL_NVIC_EnableIRQ
    rtc.o(i.HAL_RTC_MspInit) refers to stm32f1xx_hal_pwr.o(i.HAL_PWR_EnableBkUpAccess) for HAL_PWR_EnableBkUpAccess
    rtc.o(i.MX_RTC_Init) refers to stm32f1xx_hal_rtc.o(i.HAL_RTC_Init) for HAL_RTC_Init
    rtc.o(i.MX_RTC_Init) refers to main.o(i.Error_Handler) for Error_Handler
    rtc.o(i.MX_RTC_Init) refers to stm32f1xx_hal_rtc.o(i.HAL_RTC_SetTime) for HAL_RTC_SetTime
    rtc.o(i.MX_RTC_Init) refers to stm32f1xx_hal_rtc.o(i.HAL_RTC_SetDate) for HAL_RTC_SetDate
    rtc.o(i.MX_RTC_Init) refers to rtc.o(.bss) for hrtc
    usart.o(i.HAL_UART_MspDeInit) refers to stm32f1xx_hal_gpio.o(i.HAL_GPIO_DeInit) for HAL_GPIO_DeInit
    usart.o(i.HAL_UART_MspDeInit) refers to stm32f1xx_hal_dma.o(i.HAL_DMA_DeInit) for HAL_DMA_DeInit
    usart.o(i.HAL_UART_MspDeInit) refers to stm32f1xx_hal_cortex.o(i.HAL_NVIC_DisableIRQ) for HAL_NVIC_DisableIRQ
    usart.o(i.HAL_UART_MspInit) refers to stm32f1xx_hal_gpio.o(i.HAL_GPIO_Init) for HAL_GPIO_Init
    usart.o(i.HAL_UART_MspInit) refers to stm32f1xx_hal_dma.o(i.HAL_DMA_Init) for HAL_DMA_Init
    usart.o(i.HAL_UART_MspInit) refers to main.o(i.Error_Handler) for Error_Handler
    usart.o(i.HAL_UART_MspInit) refers to stm32f1xx_hal_cortex.o(i.HAL_NVIC_SetPriority) for HAL_NVIC_SetPriority
    usart.o(i.HAL_UART_MspInit) refers to stm32f1xx_hal_cortex.o(i.HAL_NVIC_EnableIRQ) for HAL_NVIC_EnableIRQ
    usart.o(i.HAL_UART_MspInit) refers to usart.o(.bss) for hdma_usart1_tx
    usart.o(i.HAL_UART_RxCpltCallback) refers to stm32f1xx_hal_uart.o(i.HAL_UART_Receive_IT) for HAL_UART_Receive_IT
    usart.o(i.HAL_UART_RxCpltCallback) refers to usart.o(.bss) for U1ReciMessage
    usart.o(i.MQTTgetData) refers to stm32f1xx_hal.o(i.HAL_GetTick) for HAL_GetTick
    usart.o(i.MQTTgetData) refers to usart.o(.bss) for U1ReciMessage
    usart.o(i.MQTTsendPacketBuffer) refers to stm32f1xx_hal_uart.o(i.HAL_UART_Transmit_DMA) for HAL_UART_Transmit_DMA
    usart.o(i.MQTTsendPacketBuffer) refers to usart.o(.bss) for huart1
[...]
    Removing infra_timer.o(i.iotx_time_start), (18 bytes).
    Removing infra_timer.o(i.utils_time_countdown_ms), (22 bytes).
    Removing infra_timer.o(i.utils_time_get_ms), (8 bytes).
    Removing infra_timer.o(i.utils_time_is_expired), (36 bytes).
    Removing infra_timer.o(i.utils_time_spend), (24 bytes).
    Removing iotx_mqtt_client.o(i.INIT_AOS_DLIST_HEAD), (6 bytes).
    Removing iotx_mqtt_client.o(i.MQTTConnect), (156 bytes).
    Removing iotx_mqtt_client.o(i.MQTTDisconnect), (110 bytes).
    Removing iotx_mqtt_client.o(i.MQTTKeepalive), (154 bytes).
    Removing iotx_mqtt_client.o(i.MQTTPubInfoProc), (172 bytes).
    Removing iotx_mqtt_client.o(i.MQTTPuback), (190 bytes).
    Removing iotx_mqtt_client.o(i.MQTTPublish), (348 bytes).
    Removing iotx_mqtt_client.o(i.MQTTRePublish), (70 bytes).
    Removing iotx_mqtt_client.o(i.MQTTSubscribe), (462 bytes).
    Removing iotx_mqtt_client.o(i.MQTTUnsubscribe), (478 bytes).
    Removing iotx_mqtt_client.o(i._alloc_recv_buffer), (128 bytes).
    Removing iotx_mqtt_client.o(i._alloc_send_buffer), (76 bytes).
    Removing iotx_mqtt_client.o(i._get_connect_length), (18 bytes).
    Removing iotx_mqtt_client.o(i._handle_event), (52 bytes).
    Removing iotx_mqtt_client.o(i._iotx_mqtt_event_handle_sub), (94 bytes).
    Removing iotx_mqtt_client.o(i._mqtt_connect), (188 bytes).
    Removing iotx_mqtt_client.o(i._mqtt_cycle), (96 bytes).
    Removing iotx_mqtt_client.o(i._reset_recv_buffer), (34 bytes).
    Removing iotx_mqtt_client.o(i._reset_send_buffer), (34 bytes).
    Removing iotx_mqtt_client.o(i.dlist_add_tail), (14 bytes).
    Removing iotx_mqtt_client.o(i.dlist_del), (10 bytes).
    Removing iotx_mqtt_client.o(i.iotx_mc_attempt_reconnect), (32 bytes).
    Removing iotx_mqtt_client.o(i.iotx_mc_check_handle_is_identical), (48 bytes).
    Removing iotx_mqtt_client.o(i.iotx_mc_check_handle_is_identical_ex), (70 bytes).
    Removing iotx_mqtt_client.o(i.iotx_mc_check_rule), (104 bytes).
    Removing iotx_mqtt_client.o(i.iotx_mc_check_topic), (156 bytes).
    Removing iotx_mqtt_client.o(i.iotx_mc_cycle), (276 bytes).
    Removing iotx_mqtt_client.o(i.iotx_mc_decode_packet), (140 bytes).
    Removing iotx_mqtt_client.o(i.iotx_mc_deliver_message), (174 bytes).
    Removing iotx_mqtt_client.o(i.iotx_mc_disconnect), (52 bytes).
    Removing iotx_mqtt_client.o(i.iotx_mc_disconnect_callback), (38 bytes).
    Removing iotx_mqtt_client.o(i.iotx_mc_get_client_state), (24 bytes).
    Removing iotx_mqtt_client.o(i.iotx_mc_get_next_packetid), (50 bytes).
    Removing iotx_mqtt_client.o(i.iotx_mc_handle_reconnect), (120 bytes).
    Removing iotx_mqtt_client.o(i.iotx_mc_handle_recv_CONNACK), (106 bytes).
    Removing iotx_mqtt_client.o(i.iotx_mc_handle_recv_PUBACK), (92 bytes).
    Removing iotx_mqtt_client.o(i.iotx_mc_handle_recv_PUBLISH), (192 bytes).
    Removing iotx_mqtt_client.o(i.iotx_mc_handle_recv_SUBACK), (164 bytes).
    Removing iotx_mqtt_client.o(i.iotx_mc_handle_recv_UNSUBACK), (70 bytes).
    Removing iotx_mqtt_client.o(i.iotx_mc_init), (448 bytes).
    Removing iotx_mqtt_client.o(i.iotx_mc_is_topic_matched), (126 bytes).
    Removing iotx_mqtt_client.o(i.iotx_mc_keepalive), (116 bytes).
    Removing iotx_mqtt_client.o(i.iotx_mc_keepalive_sub), (112 bytes).
    Removing iotx_mqtt_client.o(i.iotx_mc_mask_pubInfo_from), (72 bytes).
    Removing iotx_mqtt_client.o(i.iotx_mc_pub_wait_list_deinit), (62 bytes).
    Removing iotx_mqtt_client.o(i.iotx_mc_pub_wait_list_init), (14 bytes).
    Removing iotx_mqtt_client.o(i.iotx_mc_push_pubInfo_to), (150 bytes).
    Removing iotx_mqtt_client.o(i.iotx_mc_read_packet), (704 bytes).
    Removing iotx_mqtt_client.o(i.iotx_mc_reconnect_callback), (38 bytes).
    Removing iotx_mqtt_client.o(i.iotx_mc_release), (14 bytes).
    Removing iotx_mqtt_client.o(i.iotx_mc_send_packet), (122 bytes).
    Removing iotx_mqtt_client.o(i.iotx_mc_set_client_state), (24 bytes).
    Removing iotx_mqtt_client.o(i.iotx_mc_set_connect_params), (174 bytes).
    Removing iotx_mqtt_client.o(i.iotx_mc_wait_CONNACK), (152 bytes).
    Removing iotx_mqtt_client.o(i.wrapper_mqtt_check_state), (28 bytes).
    Removing iotx_mqtt_client.o(i.wrapper_mqtt_connect), (112 bytes).
    Removing iotx_mqtt_client.o(i.wrapper_mqtt_init), (54 bytes).
    Removing iotx_mqtt_client.o(i.wrapper_mqtt_publish), (146 bytes).
    Removing iotx_mqtt_client.o(i.wrapper_mqtt_release), (204 bytes).
    Removing iotx_mqtt_client.o(i.wrapper_mqtt_subscribe), (124 bytes).
    Removing iotx_mqtt_client.o(i.wrapper_mqtt_subscribe_sync), (424 bytes).
    Removing iotx_mqtt_client.o(i.wrapper_mqtt_unsubscribe), (100 bytes).
    Removing iotx_mqtt_client.o(i.wrapper_mqtt_yield), (64 bytes).
    Removing iotx_mqtt_client.o(.constdata), (88 bytes).
    Removing iotx_mqtt_client.o(.data), (4 bytes).
    Removing mqtt_api.o(i.INIT_AOS_DLIST_HEAD), (6 bytes).
    Removing mqtt_api.o(i.IOT_MQTT_CheckStateNormal), (36 bytes).
    Removing mqtt_api.o(i.IOT_MQTT_Construct), (660 bytes).
    Removing mqtt_api.o(i.IOT_MQTT_Destroy), (52 bytes).
    Removing mqtt_api.o(i.IOT_MQTT_Nwk_Event_Handler), (8 bytes).
    Removing mqtt_api.o(i.IOT_MQTT_Publish), (68 bytes).
    Removing mqtt_api.o(i.IOT_MQTT_Publish_Simple), (124 bytes).
    Removing mqtt_api.o(i.IOT_MQTT_Subscribe), (96 bytes).
    Removing mqtt_api.o(i.IOT_MQTT_Subscribe_Sync), (108 bytes).
    Removing mqtt_api.o(i.IOT_MQTT_Unsubscribe), (52 bytes).
    Removing mqtt_api.o(i.IOT_MQTT_Yield), (32 bytes).
    Removing mqtt_api.o(i._offline_subs_list_deinit), (104 bytes).
    Removing mqtt_api.o(i._offline_subs_list_init), (56 bytes).
    Removing mqtt_api.o(i.dlist_del), (10 bytes).
    Removing mqtt_api.o(i.iotx_mqtt_deal_offline_subs), (124 bytes).
    Removing mqtt_api.o(i.iotx_mqtt_offline_subscribe), (296 bytes).
    Removing mqtt_api.o(i.iotx_mqtt_report_funcs), (48 bytes).
    Removing mqtt_api.o(.bss), (412 bytes).
    Removing mqtt_api.o(.data), (4 bytes).
    Removing mqttconnectclient.o(i.MQTTSerialize_disconnect), (18 bytes).
    Removing mqttconnectclient.o(i.MQTTSerialize_pingreq), (18 bytes).
    Removing mqttconnectclient.o(i.MQTTSerialize_zero), (84 bytes).
    Removing mqttdeserializepublish.o(i.MQTTDeserialize_ack), (108 bytes).
    Removing mqttpacket.o(i.MQTTPacket_equals), (66 bytes).
    Removing mqttpacket.o(i.getLenStringLen), (18 bytes).
    Removing mqttserializepublish.o(i.MQTTSerialize_ack), (144 bytes).
    Removing mqttserializepublish.o(i.MQTTSerialize_publish), (208 bytes).
    Removing mqttserializepublish.o(i.MQTTSerialize_publishLength), (34 bytes).
    Removing mqttsubscribeclient.o(i.MQTTSerialize_subscribe), (192 bytes).
    Removing mqttsubscribeclient.o(i.MQTTSerialize_subscribeLength), (46 bytes).
    Removing mqttunsubscribeclient.o(i.MQTTDeserialize_unsuback), (46 bytes).
    Removing mqttunsubscribeclient.o(i.MQTTSerialize_unsubscribe), (182 bytes).
    Removing mqttunsubscribeclient.o(i.MQTTSerialize_unsubscribeLength), (46 bytes).
    Removing wrapper.o(.rev16_text), (4 bytes).
    Removing wrapper.o(.revsh_text), (4 bytes).
    Removing wrapper.o(.rrx_text), (6 bytes).
    Removing wrapper.o(i.HAL_Free), (12 bytes).
    Removing wrapper.o(i.HAL_GetDeviceName), (48 bytes).
    Removing wrapper.o(i.HAL_GetDeviceSecret), (76 bytes).
    Removing wrapper.o(i.HAL_GetFirmwareVersion), (72 bytes).
    Removing wrapper.o(i.HAL_GetProductKey), (52 bytes).
    Removing wrapper.o(i.HAL_GetProductSecret), (76 bytes).
    Removing wrapper.o(i.HAL_Malloc), (16 bytes).
    Removing wrapper.o(i.HAL_MutexCreate), (4 bytes).
    Removing wrapper.o(i.HAL_MutexDestroy), (2 bytes).
    Removing wrapper.o(i.HAL_MutexLock), (2 bytes).
    Removing wrapper.o(i.HAL_MutexUnlock), (2 bytes).
    Removing wrapper.o(i.HAL_Printf), (2 bytes).
    Removing wrapper.o(i.HAL_Random), (6 bytes).
    Removing wrapper.o(i.HAL_SleepMs), (12 bytes).
    Removing wrapper.o(i.HAL_Snprintf), (38 bytes).
    Removing wrapper.o(i.HAL_Srandom), (2 bytes).
    Removing wrapper.o(i.HAL_TCP_Destroy), (6 bytes).
    Removing wrapper.o(i.HAL_TCP_Establish), (6 bytes).
    Removing wrapper.o(i.HAL_TCP_Read), (26 bytes).
    Removing wrapper.o(i.HAL_TCP_Write), (26 bytes).
    Removing wrapper.o(i.HAL_UptimeMs), (10 bytes).
    Removing wrapper.o(i.HAL_Vsnprintf), (4 bytes).
    Removing cjson.o(i.buffer_skip_whitespace), (58 bytes).
    Removing cjson.o(i.cJSON_AddItemReferenceToArray), (32 bytes).
    Removing cjson.o(i.cJSON_AddItemReferenceToObject), (40 bytes).
    Removing cjson.o(i.cJSON_AddItemToArray), (44 bytes).
    Removing cjson.o(i.cJSON_AddItemToObject), (48 bytes).
    Removing cjson.o(i.cJSON_AddItemToObjectCS), (60 bytes).
    Removing cjson.o(i.cJSON_Compare), (322 bytes).
    Removing cjson.o(i.cJSON_CreateArray), (24 bytes).
    Removing cjson.o(i.cJSON_CreateBool), (32 bytes).
    Removing cjson.o(i.cJSON_CreateDoubleArray), (92 bytes).
    Removing cjson.o(i.cJSON_CreateFalse), (24 bytes).
    Removing cjson.o(i.cJSON_CreateFloatArray), (98 bytes).
    Removing cjson.o(i.cJSON_CreateIntArray), (98 bytes).
    Removing cjson.o(i.cJSON_CreateNull), (24 bytes).
    Removing cjson.o(i.cJSON_CreateNumber), (100 bytes).
    Removing cjson.o(i.cJSON_CreateObject), (24 bytes).
    Removing cjson.o(i.cJSON_CreateRaw), (52 bytes).
    Removing cjson.o(i.cJSON_CreateString), (52 bytes).
    Removing cjson.o(i.cJSON_CreateStringArray), (86 bytes).
    Removing cjson.o(i.cJSON_CreateTrue), (24 bytes).
    Removing cjson.o(i.cJSON_Delete), (88 bytes).
    Removing cjson.o(i.cJSON_DeleteItemFromArray), (22 bytes).
    Removing cjson.o(i.cJSON_DeleteItemFromObject), (22 bytes).
    Removing cjson.o(i.cJSON_DeleteItemFromObjectCaseSensitive), (22 bytes).
    Removing cjson.o(i.cJSON_DetachItemFromArray), (34 bytes).
    Removing cjson.o(i.cJSON_DetachItemFromObject), (26 bytes).
    Removing cjson.o(i.cJSON_DetachItemFromObjectCaseSensitive), (26 bytes).
    Removing cjson.o(i.cJSON_DetachItemViaPointer), (50 bytes).
    Removing cjson.o(i.cJSON_Duplicate), (184 bytes).
    Removing cjson.o(i.cJSON_GetArrayItem), (24 bytes).
    Removing cjson.o(i.cJSON_GetArraySize), (18 bytes).
    Removing cjson.o(i.cJSON_GetErrorPtr), (16 bytes).
    Removing cjson.o(i.cJSON_GetObjectItem), (18 bytes).
    Removing cjson.o(i.cJSON_GetObjectItemCaseSensitive), (18 bytes).
    Removing cjson.o(i.cJSON_HasObjectItem), (24 bytes).
    Removing cjson.o(i.cJSON_InsertItemInArray), (68 bytes).
    Removing cjson.o(i.cJSON_IsArray), (22 bytes).
    Removing cjson.o(i.cJSON_IsBool), (24 bytes).
    Removing cjson.o(i.cJSON_IsFalse), (20 bytes).
    Removing cjson.o(i.cJSON_IsInvalid), (20 bytes).
    Removing cjson.o(i.cJSON_IsNull), (22 bytes).
    Removing cjson.o(i.cJSON_IsNumber), (22 bytes).
    Removing cjson.o(i.cJSON_IsObject), (22 bytes).
    Removing cjson.o(i.cJSON_IsRaw), (22 bytes).
    Removing cjson.o(i.cJSON_IsString), (22 bytes).
    Removing cjson.o(i.cJSON_IsTrue), (22 bytes).
    Removing cjson.o(i.cJSON_Minify), (186 bytes).
    Removing cjson.o(i.cJSON_New_Item), (26 bytes).
    Removing cjson.o(i.cJSON_Parse), (16 bytes).
    Removing cjson.o(i.cJSON_ParseWithOpts), (208 bytes).
    Removing cjson.o(i.cJSON_Print), (20 bytes).
    Removing cjson.o(i.cJSON_PrintBuffered), (88 bytes).
    Removing cjson.o(i.cJSON_PrintPreallocated), (68 bytes).
    Removing cjson.o(i.cJSON_PrintUnformatted), (20 bytes).
    Removing cjson.o(i.cJSON_ReplaceItemInArray), (48 bytes).
    Removing cjson.o(i.cJSON_ReplaceItemInObject), (22 bytes).
    Removing cjson.o(i.cJSON_ReplaceItemInObjectCaseSensitive), (22 bytes).
    Removing cjson.o(i.cJSON_ReplaceItemViaPointer), (72 bytes).
    Removing cjson.o(i.cJSON_SetNumberHelper), (84 bytes).
    Removing cjson.o(i.cJSON_Version), (40 bytes).
    Removing cjson.o(i.cJSON_free), (20 bytes).
    Removing cjson.o(i.cJSON_malloc), (20 bytes).
    Removing cjson.o(i.cJSON_strdup), (54 bytes).
    Removing cjson.o(i.case_insensitive_strcmp), (72 bytes).
    Removing cjson.o(i.create_reference), (52 bytes).
    Removing cjson.o(i.ensure), (172 bytes).
    Removing cjson.o(i.get_array_item), (30 bytes).
    Removing cjson.o(i.get_decimal_point), (14 bytes).
    Removing cjson.o(i.get_object_item), (68 bytes).
    Removing cjson.o(i.parse_array), (244 bytes).
    Removing cjson.o(i.parse_hex4), (90 bytes).
    Removing cjson.o(i.parse_number), (312 bytes).
    Removing cjson.o(i.parse_object), (314 bytes).
    Removing cjson.o(i.parse_string), (396 bytes).
    Removing cjson.o(i.parse_value), (316 bytes).
    Removing cjson.o(i.print), (164 bytes).
    Removing cjson.o(i.print_array), (178 bytes).
    Removing cjson.o(i.print_number), (244 bytes).
    Removing cjson.o(i.print_object), (372 bytes).
    Removing cjson.o(i.print_string), (16 bytes).
    Removing cjson.o(i.print_string_ptr), (372 bytes).
    Removing cjson.o(i.print_value), (272 bytes).
    Removing cjson.o(i.replace_item_in_object), (96 bytes).
    Removing cjson.o(i.suffix_object), (6 bytes).
    Removing cjson.o(i.update_offset), (36 bytes).
    Removing cjson.o(i.utf16_literal_to_utf8), (300 bytes).
    Removing cjson.o(.bss), (15 bytes).
    Removing cjson.o(.data), (20 bytes).
    Removing mqttinterface.o(.rev16_text), (4 bytes).
    Removing mqttinterface.o(.revsh_text), (4 bytes).
    Removing mqttinterface.o(.rrx_text), (6 bytes).
    Removing mqttinterface.o(i.message_arrive), (20 bytes).
    Removing mqttinterface.o(i.publishExample), (168 bytes).
    Removing mqttinterface.o(i.subscribeExample), (132 bytes).
    Removing mqttinterface.o(.data), (2 bytes).
    Removing dmul.o(.text), (228 bytes).
    Removing dflti.o(.text), (34 bytes).
    Removing dfixi.o(.text), (62 bytes).
    Removing f2d.o(.text), (38 bytes).
    Removing cdcmple.o(.text), (48 bytes).
    Removing cdrcmple.o(.text), (48 bytes).
    Removing depilogue.o(.text), (186 bytes).
    Removing dadd.o(.text), (334 bytes).
    Removing ddiv.o(.text), (222 bytes).
    Removing dfltul.o(.text), (24 bytes).
    Removing dfixul.o(.text), (48 bytes).
    Removing d2f.o(.text), (56 bytes).
    Removing fepilogue.o(.text), (110 bytes).

581 unused section(s) (total 50186 bytes) removed from the image.

==============================================================================

Image Symbol Table

    Local Symbols

    Symbol Name                              Value     Ov Type        Size  Object(Section)

    ../Drivers/STM32F1xx_HAL_Driver/Src/stm32f1xx_hal.c 0x00000000   Number         0  stm32f1xx_hal.o ABSOLUTE
    ../Drivers/STM32F1xx_HAL_Driver/Src/stm32f1xx_hal_cortex.c 0x00000000   Number         0  stm32f1xx_hal_cortex.o ABSOLUTE
    ../Drivers/STM32F1xx_HAL_Driver/Src/stm32f1xx_hal_dma.c 0x00000000   Number         0  stm32f1xx_hal_dma.o ABSOLUTE
    ../Drivers/STM32F1xx_HAL_Driver/Src/stm32f1xx_hal_flash.c 0x00000000   Number         0  stm32f1xx_hal_flash.o ABSOLUTE
    ../Drivers/STM32F1xx_HAL_Driver/Src/stm32f1xx_hal_flash_ex.c 0x00000000   Number         0  stm32f1xx_hal_flash_ex.o ABSOLUTE
    ../Drivers/STM32F1xx_HAL_Driver/Src/stm32f1xx_hal_gpio.c 0x00000000   Number         0  stm32f1xx_hal_gpio.o ABSOLUTE
    ../Drivers/STM32F1xx_HAL_Driver/Src/stm32f1xx_hal_gpio_ex.c 0x00000000   Number         0  stm32f1xx_hal_gpio_ex.o ABSOLUTE
    ../Drivers/STM32F1xx_HAL_Driver/Src/stm32f1xx_hal_pwr.c 0x00000000   Number         0  stm32f1xx_hal_pwr.o ABSOLUTE
    ../Drivers/STM32F1xx_HAL_Driver/Src/stm32f1xx_hal_rcc.c 0x00000000   Number         0  stm32f1xx_hal_rcc.o ABSOLUTE
    ../Drivers/STM32F1xx_HAL_Driver/Src/stm32f1xx_hal_rcc_ex.c 0x00000000   Number         0  stm32f1xx_hal_rcc_ex.o ABSOLUTE
    ../Drivers/STM32F1xx_HAL_Driver/Src/stm32f1xx_hal_rtc.c 0x00000000   Number         0  stm32f1xx_hal_rtc.o ABSOLUTE
    ../Drivers/STM32F1xx_HAL_Driver/Src/stm32f1xx_hal_rtc_ex.c 0x00000000   Number         0  stm32f1xx_hal_rtc_ex.o ABSOLUTE
    ../Drivers/STM32F1xx_HAL_Driver/Src/stm32f1xx_hal_tim.c 0x00000000   Number         0  stm32f1xx_hal_tim.o ABSOLUTE
    ../Drivers/STM32F1xx_HAL_Driver/Src/stm32f1xx_hal_tim_ex.c 0x00000000   Number         0  stm32f1xx_hal_tim_ex.o ABSOLUTE
    ../Drivers/STM32F1xx_HAL_Driver/Src/stm32f1xx_hal_uart.c 0x00000000   Number         0  stm32f1xx_hal_uart.o ABSOLUTE
    ../Src/dma.c                             0x00000000   Number         0  dma.o ABSOLUTE
    ../Src/gpio.c                            0x00000000   Number         0  gpio.o ABSOLUTE
    ../Src/main.c                            0x00000000   Number         0  main.o ABSOLUTE
    ../Src/rtc.c                             0x00000000   Number         0  rtc.o ABSOLUTE
    ../Src/stm32f1xx_hal_msp.c               0x00000000   Number         0  stm32f1xx_hal_msp.o ABSOLUTE
    ../Src/stm32f1xx_it.c                    0x00000000   Number         0  stm32f1xx_it.o ABSOLUTE
    ../Src/system_stm32f1xx.c                0x00000000   Number         0  system_stm32f1xx.o ABSOLUTE
    ../Src/usart.c                           0x00000000   Number         0  usart.o ABSOLUTE
    ../clib/microlib/ctype/ctype.c           0x00000000   Number         0  isspace_c.o ABSOLUTE
    ../clib/microlib/ctype/ctype.c           0x00000000   Number         0  ctype_c.o ABSOLUTE
    ../clib/microlib/ctype/ctype.c           0x00000000   Number         0  islower_o.o ABSOLUTE
    ../clib/microlib/ctype/ctype.c           0x00000000   Number         0  isgraph_o.o ABSOLUTE
    ../clib/microlib/ctype/ctype.c           0x00000000   Number         0  isdigit_o.o ABSOLUTE
    ../clib/microlib/ctype/ctype.c           0x00000000   Number         0  iscntrl_o.o ABSOLUTE
    ../clib/microlib/ctype/ctype.c           0x00000000   Number         0  isblank_o.o ABSOLUTE
    ../clib/microlib/ctype/ctype.c           0x00000000   Number         0  isalpha_o.o ABSOLUTE
    ../clib/microlib/ctype/ctype.c           0x00000000   Number         0  isxdigit_o.o ABSOLUTE
    ../clib/microlib/ctype/ctype.c           0x00000000   Number         0  isalnum_o.o ABSOLUTE
    ../clib/microlib/ctype/ctype.c           0x00000000   Number         0  isupper_o.o ABSOLUTE
    ../clib/microlib/ctype/ctype.c           0x00000000   Number         0  ctype_o.o ABSOLUTE
    ../clib/microlib/ctype/ctype.c           0x00000000   Number         0  isspace_o.o ABSOLUTE
    ../clib/microlib/ctype/ctype.c           0x00000000   Number         0  ispunct_o.o ABSOLUTE
    ../clib/microlib/ctype/ctype.c           0x00000000   Number         0  isprint_o.o ABSOLUTE
    ../clib/microlib/ctype/tolower.c         0x00000000   Number         0  tolower.o ABSOLUTE
    ../clib/microlib/division.c              0x00000000   Number         0  uldiv.o ABSOLUTE
    ../clib/microlib/division.c              0x00000000   Number         0  uidiv.o ABSOLUTE
    ../clib/microlib/errno.c                 0x00000000   Number         0  errno.o ABSOLUTE
    ../clib/microlib/init/entry.s            0x00000000   Number         0  entry10a.o ABSOLUTE
    ../clib/microlib/init/entry.s            0x00000000   Number         0  entry10b.o ABSOLUTE
    ../clib/microlib/init/entry.s            0x00000000   Number         0  entry11a.o ABSOLUTE
    ../clib/microlib/init/entry.s            0x00000000   Number         0  entry.o ABSOLUTE
    ../clib/microlib/init/entry.s            0x00000000   Number         0  entry5.o ABSOLUTE
    ../clib/microlib/init/entry.s            0x00000000   Number         0  entry9a.o ABSOLUTE
    ../clib/microlib/init/entry.s            0x00000000   Number         0  entry2.o ABSOLUTE
    ../clib/microlib/init/entry.s            0x00000000   Number         0  entry11b.o ABSOLUTE
    ../clib/microlib/init/entry.s            0x00000000   Number         0  entry8b.o ABSOLUTE
    ../clib/microlib/init/entry.s            0x00000000   Number         0  entry8a.o ABSOLUTE
    ../clib/microlib/init/entry.s            0x00000000   Number         0  entry7b.o ABSOLUTE
    ../clib/microlib/init/entry.s            0x00000000   Number         0  entry7a.o ABSOLUTE
    ../clib/microlib/init/entry.s            0x00000000   Number         0  entry9b.o ABSOLUTE
    ../clib/microlib/locale/ilconv.c         0x00000000   Number         0  ilconv.o ABSOLUTE
    ../clib/microlib/locale/localeconv.c     0x00000000   Number         0  localeconv.o ABSOLUTE
    ../clib/microlib/longlong.c              0x00000000   Number         0  llushr.o ABSOLUTE
    ../clib/microlib/longlong.c              0x00000000   Number         0  llsshr.o ABSOLUTE
    ../clib/microlib/longlong.c              0x00000000   Number         0  llshl.o ABSOLUTE
    ../clib/microlib/malloc/malloc.c         0x00000000   Number         0  mallocra.o ABSOLUTE
    ../clib/microlib/malloc/malloc.c         0x00000000   Number         0  malloc.o ABSOLUTE
    ../clib/microlib/malloc/malloc.c         0x00000000   Number         0  malloca.o ABSOLUTE
    ../clib/microlib/malloc/malloc.c         0x00000000   Number         0  mallocr.o ABSOLUTE
    ../clib/microlib/malloc/mvars.c          0x00000000   Number         0  mvars.o ABSOLUTE
    ../clib/microlib/printf/printf.c         0x00000000   Number         0  printf1.o ABSOLUTE
    ../clib/microlib/printf/printf.c         0x00000000   Number         0  printfa.o ABSOLUTE
    ../clib/microlib/printf/printf.c         0x00000000   Number         0  printf4.o ABSOLUTE
    ../clib/microlib/printf/printf.c         0x00000000   Number         0  printf6.o ABSOLUTE
    ../clib/microlib/printf/printf.c         0x00000000   Number         0  printfb.o ABSOLUTE
    ../clib/microlib/printf/printf.c         0x00000000   Number         0  printf7.o ABSOLUTE
    ../clib/microlib/printf/printf.c         0x00000000   Number         0  printf0.o ABSOLUTE
    ../clib/microlib/printf/printf.c         0x00000000   Number         0  printf8.o ABSOLUTE
    ../clib/microlib/printf/printf.c         0x00000000   Number         0  printf2.o ABSOLUTE
    ../clib/microlib/printf/printf.c         0x00000000   Number         0  printf3.o ABSOLUTE
    ../clib/microlib/printf/printf.c         0x00000000   Number         0  printf5.o ABSOLUTE
    ../clib/microlib/printf/stubs.s          0x00000000   Number         0  stubs.o ABSOLUTE
    ../clib/microlib/stdio/fputc.c           0x00000000   Number         0  fputc.o ABSOLUTE
    ../clib/microlib/stdio/semi.s            0x00000000   Number         0  semi.o ABSOLUTE
    ../clib/microlib/stdio/streams.c         0x00000000   Number         0  stdout.o ABSOLUTE
    ../clib/microlib/string/memcmp.c         0x00000000   Number         0  memcmp.o ABSOLUTE
    ../clib/microlib/string/memcpy.c         0x00000000   Number         0  memcpya.o ABSOLUTE
    ../clib/microlib/string/memcpy.c         0x00000000   Number         0  memcpyb.o ABSOLUTE
    ../clib/microlib/string/memset.c         0x00000000   Number         0  memseta.o ABSOLUTE
    ../clib/microlib/string/strcat.c         0x00000000   Number         0  strcat.o ABSOLUTE
    ../clib/microlib/string/strchr.c         0x00000000   Number         0  strchr.o ABSOLUTE
    ../clib/microlib/string/strcmp.c         0x00000000   Number         0  strcmp.o ABSOLUTE
    ../clib/microlib/string/strcpy.c         0x00000000   Number         0  strcpy.o ABSOLUTE
    ../clib/microlib/string/strlen.c         0x00000000   Number         0  strlen.o ABSOLUTE
    ../clib/microlib/string/strncmp.c        0x00000000   Number         0  strncmp.o ABSOLUTE
    ../clib/microlib/string/strncpy.c        0x00000000   Number         0  strncpy.o ABSOLUTE
    ../clib/microlib/string/strstr.c         0x00000000   Number         0  strstr.o ABSOLUTE
    ../clib/microlib/stubs.s                 0x00000000   Number         0  iusesemip.o ABSOLUTE
    ../clib/microlib/stubs.s                 0x00000000   Number         0  iusefp.o ABSOLUTE
    ../clib/scanf.c                          0x00000000   Number         0  strtol.o ABSOLUTE
    ../clib/scanf.c                          0x00000000   Number         0  _strtoul.o ABSOLUTE
    ../clib/scanf.c                          0x00000000   Number         0  strtod.o ABSOLUTE
    ../clib/scanf.c                          0x00000000   Number         0  atoi.o ABSOLUTE
    ../clib/scanf.c                          0x00000000   Number         0  _chval.o ABSOLUTE
    ../clib/scanf.c                          0x00000000   Number         0  _scanf.o ABSOLUTE
    ../clib/scanf.c                          0x00000000   Number         0  __0sscanf.o ABSOLUTE
    ../clib/scanf.c                          0x00000000   Number         0  scanf_fp.o ABSOLUTE
    ../clib/scanf.c                          0x00000000   Number         0  scanf_char.o ABSOLUTE
    ../clib/scanf.c                          0x00000000   Number         0  _sgetc.o ABSOLUTE
    ../fplib/microlib/d2f.c                  0x00000000   Number         0  d2f.o ABSOLUTE
    ../fplib/microlib/f2d.c                  0x00000000   Number         0  f2d.o ABSOLUTE
    ../fplib/microlib/fpadd.c                0x00000000   Number         0  dadd.o ABSOLUTE
    ../fplib/microlib/fpdiv.c                0x00000000   Number         0  ddiv.o ABSOLUTE
    ../fplib/microlib/fpepilogue.c           0x00000000   Number         0  fepilogue.o ABSOLUTE
    ../fplib/microlib/fpepilogue.c           0x00000000   Number         0  depilogue.o ABSOLUTE
    ../fplib/microlib/fpfix.c                0x00000000   Number         0  dfixi.o ABSOLUTE
    ../fplib/microlib/fpfix.c                0x00000000   Number         0  dfixul.o ABSOLUTE
    ../fplib/microlib/fpflt.c                0x00000000   Number         0  dfltul.o ABSOLUTE
    ../fplib/microlib/fpflt.c                0x00000000   Number         0  dflti.o ABSOLUTE
    ../fplib/microlib/fpmul.c                0x00000000   Number         0  dmul.o ABSOLUTE
    ../mathlib/strtod.c                      0x00000000   Number         0  strtod.o ABSOLUTE
    ..\Drivers\STM32F1xx_HAL_Driver\Src\stm32f1xx_hal.c 0x00000000   Number         0  stm32f1xx_hal.o ABSOLUTE
    ..\Drivers\STM32F1xx_HAL_Driver\Src\stm32f1xx_hal_cortex.c 0x00000000   Number         0  stm32f1xx_hal_cortex.o ABSOLUTE
    ..\Drivers\STM32F1xx_HAL_Driver\Src\stm32f1xx_hal_dma.c 0x00000000   Number         0  stm32f1xx_hal_dma.o ABSOLUTE
    ..\Drivers\STM32F1xx_HAL_Driver\Src\stm32f1xx_hal_flash.c 0x00000000   Number         0  stm32f1xx_hal_flash.o ABSOLUTE
    ..\Drivers\STM32F1xx_HAL_Driver\Src\stm32f1xx_hal_flash_ex.c 0x00000000   Number         0  stm32f1xx_hal_flash_ex.o ABSOLUTE
    ..\Drivers\STM32F1xx_HAL_Driver\Src\stm32f1xx_hal_gpio.c 0x00000000   Number         0  stm32f1xx_hal_gpio.o ABSOLUTE
    ..\Drivers\STM32F1xx_HAL_Driver\Src\stm32f1xx_hal_gpio_ex.c 0x00000000   Number         0  stm32f1xx_hal_gpio_ex.o ABSOLUTE
    ..\Drivers\STM32F1xx_HAL_Driver\Src\stm32f1xx_hal_pwr.c 0x00000000   Number         0  stm32f1xx_hal_pwr.o ABSOLUTE
    ..\Drivers\STM32F1xx_HAL_Driver\Src\stm32f1xx_hal_rcc.c 0x00000000   Number         0  stm32f1xx_hal_rcc.o ABSOLUTE
    ..\Drivers\STM32F1xx_HAL_Driver\Src\stm32f1xx_hal_rcc_ex.c 0x00000000   Number         0  stm32f1xx_hal_rcc_ex.o ABSOLUTE
    ..\Drivers\STM32F1xx_HAL_Driver\Src\stm32f1xx_hal_rtc.c 0x00000000   Number         0  stm32f1xx_hal_rtc.o ABSOLUTE
    ..\Drivers\STM32F1xx_HAL_Driver\Src\stm32f1xx_hal_rtc_ex.c 0x00000000   Number         0  stm32f1xx_hal_rtc_ex.o ABSOLUTE
    ..\Drivers\STM32F1xx_HAL_Driver\Src\stm32f1xx_hal_tim.c 0x00000000   Number         0  stm32f1xx_hal_tim.o ABSOLUTE
    ..\Drivers\STM32F1xx_HAL_Driver\Src\stm32f1xx_hal_tim_ex.c 0x00000000   Number         0  stm32f1xx_hal_tim_ex.o ABSOLUTE
    ..\Drivers\STM32F1xx_HAL_Driver\Src\stm32f1xx_hal_uart.c 0x00000000   Number         0  stm32f1xx_hal_uart.o ABSOLUTE
    ..\MQTT\dev_sign\dev_sign_mqtt.c         0x00000000   Number         0  dev_sign_mqtt.o ABSOLUTE
    ..\MQTT\infra\infra_cjson.c              0x00000000   Number         0  infra_cjson.o ABSOLUTE
    ..\MQTT\infra\infra_compat.c             0x00000000   Number         0  infra_compat.o ABSOLUTE
    ..\MQTT\infra\infra_defs.c               0x00000000   Number         0  infra_defs.o ABSOLUTE
    ..\MQTT\infra\infra_log.c                0x00000000   Number         0  infra_log.o ABSOLUTE
    ..\MQTT\infra\infra_net.c                0x00000000   Number         0  infra_net.o ABSOLUTE
    ..\MQTT\infra\infra_prt_nwk_payload.c    0x00000000   Number         0  infra_prt_nwk_payload.o ABSOLUTE
    ..\MQTT\infra\infra_report.c             0x00000000   Number         0  infra_report.o ABSOLUTE
    ..\MQTT\infra\infra_sha256.c             0x00000000   Number         0  infra_sha256.o ABSOLUTE
    ..\MQTT\infra\infra_string.c             0x00000000   Number         0  infra_string.o ABSOLUTE
    ..\MQTT\infra\infra_timer.c              0x00000000   Number         0  infra_timer.o ABSOLUTE
    ..\MQTT\mqtt\MQTTConnectClient.c         0x00000000   Number         0  mqttconnectclient.o ABSOLUTE
    ..\MQTT\mqtt\MQTTDeserializePublish.c    0x00000000   Number         0  mqttdeserializepublish.o ABSOLUTE
    ..\MQTT\mqtt\MQTTPacket.c                0x00000000   Number         0  mqttpacket.o ABSOLUTE
    ..\MQTT\mqtt\MQTTSerializePublish.c      0x00000000   Number         0  mqttserializepublish.o ABSOLUTE
    ..\MQTT\mqtt\MQTTSubscribeClient.c       0x00000000   Number         0  mqttsubscribeclient.o ABSOLUTE
    ..\MQTT\mqtt\MQTTUnsubscribeClient.c     0x00000000   Number         0  mqttunsubscribeclient.o ABSOLUTE
    ..\MQTT\mqtt\iotx_mqtt_client.c          0x00000000   Number         0  iotx_mqtt_client.o ABSOLUTE
    ..\MQTT\mqtt\mqtt_api.c                  0x00000000   Number         0  mqtt_api.o ABSOLUTE
    ..\MQTT\wrappers\external_libs\cJSON.c   0x00000000   Number         0  cjson.o ABSOLUTE
    ..\MQTT\wrappers\mqttInterface.c         0x00000000   Number         0  mqttinterface.o ABSOLUTE
    ..\MQTT\wrappers\wrapper.c               0x00000000   Number         0  wrapper.o ABSOLUTE
    ..\Src\dma.c                             0x00000000   Number         0  dma.o ABSOLUTE
    ..\Src\gpio.c                            0x00000000   Number         0  gpio.o ABSOLUTE
    ..\Src\main.c                            0x00000000   Number         0  main.o ABSOLUTE
    ..\Src\rtc.c                             0x00000000   Number         0  rtc.o ABSOLUTE
    ..\Src\stm32f1xx_hal_msp.c               0x00000000   Number         0  stm32f1xx_hal_msp.o ABSOLUTE
    ..\Src\stm32f1xx_it.c                    0x00000000   Number         0  stm32f1xx_it.o ABSOLUTE
    ..\Src\system_stm32f1xx.c                0x00000000   Number         0  system_stm32f1xx.o ABSOLUTE
    ..\Src\usart.c                           0x00000000   Number         0  usart.o ABSOLUTE
    ..\\MQTT\\wrappers\\mqttInterface.c      0x00000000   Number         0  mqttinterface.o ABSOLUTE
    ..\\MQTT\\wrappers\\wrapper.c            0x00000000   Number         0  wrapper.o ABSOLUTE
    cdcmple.s                                0x00000000   Number         0  cdcmple.o ABSOLUTE
    cdrcmple.s                               0x00000000   Number         0  cdrcmple.o ABSOLUTE
    dc.s                                     0x00000000   Number         0  dc.o ABSOLUTE
    handlers.s                               0x00000000   Number         0  handlers.o ABSOLUTE
    init.s                                   0x00000000   Number         0  init.o ABSOLUTE
    startup_stm32f103xe.s                    0x00000000   Number         0  startup_stm32f103xe.o ABSOLUTE
    RESET                                    0x08000000   Section      304  startup_stm32f103xe.o(RESET)
    .ARM.Collect$$$$00000000                 0x08000130   Section        0  entry.o(.ARM.Collect$$$$00000000)
    .ARM.Collect$$$$00000001                 0x08000130   Section        4  entry2.o(.ARM.Collect$$$$00000001)
    .ARM.Collect$$$$00000004                 0x08000134   Section        4  entry5.o(.ARM.Collect$$$$00000004)
    .ARM.Collect$$$$00000008                 0x08000138   Section        0  entry7b.o(.ARM.Collect$$$$00000008)
    .ARM.Collect$$$$0000000A                 0x08000138   Section        0  entry8b.o(.ARM.Collect$$$$0000000A)
    .ARM.Collect$$$$0000000B                 0x08000138   Section        8  entry9a.o(.ARM.Collect$$$$0000000B)
    .ARM.Collect$$$$0000000D                 0x08000140   Section        0  entry10a.o(.ARM.Collect$$$$0000000D)
    .ARM.Collect$$$$0000000F                 0x08000140   Section        0  entry11a.o(.ARM.Collect$$$$0000000F)
    .ARM.Collect$$$$00002712                 0x08000140   Section        4  entry2.o(.ARM.Collect$$$$00002712)
    __lit__00000000                          0x08000140   Data           4  entry2.o(.ARM.Collect$$$$00002712)
    .text                                    0x08000144   Section       36  startup_stm32f103xe.o(.text)
    .text                                    0x08000168   Section        0  memcpya.o(.text)
    .text                                    0x0800018c   Section        0  memseta.o(.text)
    .text                                    0x080001b0   Section        0  strlen.o(.text)
    .text                                    0x080001c0   Section       36  init.o(.text)
    i.AliMQTTConnect                         0x080001e4   Section        0  mqttinterface.o(i.AliMQTTConnect)
    i.AliRecv_CONNACK                        0x0800027c   Section        0  mqttinterface.o(i.AliRecv_CONNACK)
    i.Ali_MQTT_Yield                         0x080002e4   Section        0  mqttinterface.o(i.Ali_MQTT_Yield)
    i.BusFault_Handler                       0x08000360   Section        0  stm32f1xx_it.o(i.BusFault_Handler)
    i.DMA1_Channel4_IRQHandler               0x08000364   Section        0  stm32f1xx_it.o(i.DMA1_Channel4_IRQHandler)
    i.DMA_SetConfig                          0x08000374   Section        0  stm32f1xx_hal_dma.o(i.DMA_SetConfig)
    DMA_SetConfig                            0x08000375   Thumb Code    44  stm32f1xx_hal_dma.o(i.DMA_SetConfig)
    i.DebugMon_Handler                       0x080003a0   Section        0  stm32f1xx_it.o(i.DebugMon_Handler)
    i.Error_Handler                          0x080003a2   Section        0  main.o(i.Error_Handler)
    i.HAL_DMA_Abort_IT                       0x080003a4   Section        0  stm32f1xx_hal_dma.o(i.HAL_DMA_Abort_IT)
    i.HAL_DMA_IRQHandler                     0x0800054c   Section        0  stm32f1xx_hal_dma.o(i.HAL_DMA_IRQHandler)
    i.HAL_DMA_Init                           0x080008e4   Section        0  stm32f1xx_hal_dma.o(i.HAL_DMA_Init)
    i.HAL_DMA_Start_IT                       0x08000970   Section        0  stm32f1xx_hal_dma.o(i.HAL_DMA_Start_IT)
    i.HAL_Delay                              0x08000a0c   Section        0  stm32f1xx_hal.o(i.HAL_Delay)
    i.HAL_GPIO_Init                          0x08000a34   Section        0  stm32f1xx_hal_gpio.o(i.HAL_GPIO_Init)
    i.HAL_GetTick                            0x08000d74   Section        0  stm32f1xx_hal.o(i.HAL_GetTick)
    i.HAL_IncTick                            0x08000d80   Section        0  stm32f1xx_hal.o(i.HAL_IncTick)
    i.HAL_Init                               0x08000d98   Section        0  stm32f1xx_hal.o(i.HAL_Init)
    i.HAL_InitTick                           0x08000dc0   Section        0  stm32f1xx_hal.o(i.HAL_InitTick)
    i.HAL_MspInit                            0x08000e0c   Section        0  stm32f1xx_hal_msp.o(i.HAL_MspInit)
    i.HAL_NVIC_EnableIRQ                     0x08000e60   Section        0  stm32f1xx_hal_cortex.o(i.HAL_NVIC_EnableIRQ)
    i.HAL_NVIC_SetPriority                   0x08000e7a   Section        0  stm32f1xx_hal_cortex.o(i.HAL_NVIC_SetPriority)
    i.HAL_NVIC_SetPriorityGrouping           0x08000ef8   Section        0  stm32f1xx_hal_cortex.o(i.HAL_NVIC_SetPriorityGrouping)
    i.HAL_PWR_EnableBkUpAccess               0x08000f20   Section        0  stm32f1xx_hal_pwr.o(i.HAL_PWR_EnableBkUpAccess)
    i.HAL_RCCEx_GetPeriphCLKFreq             0x08000f2c   Section        0  stm32f1xx_hal_rcc_ex.o(i.HAL_RCCEx_GetPeriphCLKFreq)
    i.HAL_RCCEx_PeriphCLKConfig              0x08001068   Section        0  stm32f1xx_hal_rcc_ex.o(i.HAL_RCCEx_PeriphCLKConfig)
    i.HAL_RCC_ClockConfig                    0x08001198   Section        0  stm32f1xx_hal_rcc.o(i.HAL_RCC_ClockConfig)
    i.HAL_RCC_GetHCLKFreq                    0x08001368   Section        0  stm32f1xx_hal_rcc.o(i.HAL_RCC_GetHCLKFreq)
    i.HAL_RCC_GetPCLK1Freq                   0x08001374   Section        0  stm32f1xx_hal_rcc.o(i.HAL_RCC_GetPCLK1Freq)
    i.HAL_RCC_GetPCLK2Freq                   0x08001394   Section        0  stm32f1xx_hal_rcc.o(i.HAL_RCC_GetPCLK2Freq)
    i.HAL_RCC_GetSysClockFreq                0x080013b4   Section        0  stm32f1xx_hal_rcc.o(i.HAL_RCC_GetSysClockFreq)
    i.HAL_RCC_OscConfig                      0x08001448   Section        0  stm32f1xx_hal_rcc.o(i.HAL_RCC_OscConfig)
    i.HAL_RTC_Init                           0x08001888   Section        0  stm32f1xx_hal_rtc.o(i.HAL_RTC_Init)
    i.HAL_RTC_MspInit                        0x08001958   Section        0  rtc.o(i.HAL_RTC_MspInit)
    i.HAL_RTC_SetDate                        0x08001998   Section        0  stm32f1xx_hal_rtc.o(i.HAL_RTC_SetDate)
    i.HAL_RTC_SetTime                        0x08001a90   Section        0  stm32f1xx_hal_rtc.o(i.HAL_RTC_SetTime)
    i.HAL_RTC_WaitForSynchro                 0x08001b6c   Section        0  stm32f1xx_hal_rtc.o(i.HAL_RTC_WaitForSynchro)
    i.HAL_SYSTICK_Config                     0x08001bac   Section        0  stm32f1xx_hal_cortex.o(i.HAL_SYSTICK_Config)
    i.HAL_UART_ErrorCallback                 0x08001be0   Section        0  stm32f1xx_hal_uart.o(i.HAL_UART_ErrorCallback)
    i.HAL_UART_IRQHandler                    0x08001be4   Section        0  stm32f1xx_hal_uart.o(i.HAL_UART_IRQHandler)
    i.HAL_UART_Init                          0x08001d30   Section        0  stm32f1xx_hal_uart.o(i.HAL_UART_Init)
    i.HAL_UART_MspInit                       0x08001da4   Section        0  usart.o(i.HAL_UART_MspInit)
    i.HAL_UART_Receive_IT                    0x08001e74   Section        0  stm32f1xx_hal_uart.o(i.HAL_UART_Receive_IT)
    i.HAL_UART_RxCpltCallback                0x08001ee4   Section        0  usart.o(i.HAL_UART_RxCpltCallback)
    i.HAL_UART_Transmit_DMA                  0x08001f30   Section        0  stm32f1xx_hal_uart.o(i.HAL_UART_Transmit_DMA)
    i.HAL_UART_TxCpltCallback                0x08001fcc   Section        0  stm32f1xx_hal_uart.o(i.HAL_UART_TxCpltCallback)
    i.HAL_UART_TxHalfCpltCallback            0x08001fce   Section        0  stm32f1xx_hal_uart.o(i.HAL_UART_TxHalfCpltCallback)
    i.HardFault_Handler                      0x08001fd0   Section        0  stm32f1xx_it.o(i.HardFault_Handler)
    i.MQTTDeserialize_connack                0x08001fd4   Section        0  mqttconnectclient.o(i.MQTTDeserialize_connack)
    i.MQTTDeserialize_publish                0x0800204a   Section        0  mqttdeserializepublish.o(i.MQTTDeserialize_publish)
    i.MQTTDeserialize_suback                 0x080020f8   Section        0  mqttsubscribeclient.o(i.MQTTDeserialize_suback)
    i.MQTTPacket_decode                      0x0800218a   Section        0  mqttpacket.o(i.MQTTPacket_decode)
    i.MQTTPacket_decodeBuf                   0x080021e4   Section        0  mqttpacket.o(i.MQTTPacket_decodeBuf)
    i.MQTTPacket_encode                      0x08002200   Section        0  mqttpacket.o(i.MQTTPacket_encode)
    i.MQTTPacket_len                         0x08002238   Section        0  mqttpacket.o(i.MQTTPacket_len)
    i.MQTTSerialize_connect                  0x08002260   Section        0  mqttconnectclient.o(i.MQTTSerialize_connect)
    i.MQTTSerialize_connectLength            0x080023e4   Section        0  mqttconnectclient.o(i.MQTTSerialize_connectLength)
    i.MQTTgetData                            0x0800245c   Section        0  usart.o(i.MQTTgetData)
    i.MQTTsendPacketBuffer                   0x080024c8   Section        0  usart.o(i.MQTTsendPacketBuffer)
    i.MQTTstrlen                             0x080024e8   Section        0  mqttpacket.o(i.MQTTstrlen)
    i.MX_DMA_Init                            0x08002500   Section        0  dma.o(i.MX_DMA_Init)
    i.MX_GPIO_Init                           0x08002534   Section        0  gpio.o(i.MX_GPIO_Init)
    i.MX_RTC_Init                            0x0800258c   Section        0  rtc.o(i.MX_RTC_Init)
    i.MX_USART1_UART_Init                    0x08002600   Section        0  usart.o(i.MX_USART1_UART_Init)
    i.MemManage_Handler                      0x08002638   Section        0  stm32f1xx_it.o(i.MemManage_Handler)
    i.NMI_Handler                            0x0800263c   Section        0  stm32f1xx_it.o(i.NMI_Handler)
    i.NVIC_GetPriorityGrouping               0x08002640   Section        0  stm32f1xx_hal_cortex.o(i.NVIC_GetPriorityGrouping)
    NVIC_GetPriorityGrouping                 0x08002641   Thumb Code    10  stm32f1xx_hal_cortex.o(i.NVIC_GetPriorityGrouping)
    i.NVIC_SetPriority                       0x08002650   Section        0  stm32f1xx_hal_cortex.o(i.NVIC_SetPriority)
    NVIC_SetPriority                         0x08002651   Thumb Code    32  stm32f1xx_hal_cortex.o(i.NVIC_SetPriority)
    i.PendSV_Handler                         0x08002678   Section        0  stm32f1xx_it.o(i.PendSV_Handler)
    i.RCC_Delay                              0x0800267c   Section        0  stm32f1xx_hal_rcc.o(i.RCC_Delay)
    RCC_Delay                                0x0800267d   Thumb Code    36  stm32f1xx_hal_rcc.o(i.RCC_Delay)
    i.RTC_Bcd2ToByte                         0x080026a4   Section        0  stm32f1xx_hal_rtc.o(i.RTC_Bcd2ToByte)
    RTC_Bcd2ToByte                           0x080026a5   Thumb Code    22  stm32f1xx_hal_rtc.o(i.RTC_Bcd2ToByte)
    i.RTC_EnterInitMode                      0x080026ba   Section        0  stm32f1xx_hal_rtc.o(i.RTC_EnterInitMode)
    RTC_EnterInitMode                        0x080026bb   Thumb Code    58  stm32f1xx_hal_rtc.o(i.RTC_EnterInitMode)
    i.RTC_ExitInitMode                       0x080026f4   Section        0  stm32f1xx_hal_rtc.o(i.RTC_ExitInitMode)
    RTC_ExitInitMode                         0x080026f5   Thumb Code    58  stm32f1xx_hal_rtc.o(i.RTC_ExitInitMode)
    i.RTC_ReadAlarmCounter                   0x0800272e   Section        0  stm32f1xx_hal_rtc.o(i.RTC_ReadAlarmCounter)
    RTC_ReadAlarmCounter                     0x0800272f   Thumb Code    24  stm32f1xx_hal_rtc.o(i.RTC_ReadAlarmCounter)
    i.RTC_ReadTimeCounter                    0x08002746   Section        0  stm32f1xx_hal_rtc.o(i.RTC_ReadTimeCounter)
    RTC_ReadTimeCounter                      0x08002747   Thumb Code    52  stm32f1xx_hal_rtc.o(i.RTC_ReadTimeCounter)
    i.RTC_WeekDayNum                         0x0800277a   Section        0  stm32f1xx_hal_rtc.o(i.RTC_WeekDayNum)
    RTC_WeekDayNum                           0x0800277b   Thumb Code   132  stm32f1xx_hal_rtc.o(i.RTC_WeekDayNum)
    i.RTC_WriteAlarmCounter                  0x080027fe   Section        0  stm32f1xx_hal_rtc.o(i.RTC_WriteAlarmCounter)
    RTC_WriteAlarmCounter                    0x080027ff   Thumb Code    46  stm32f1xx_hal_rtc.o(i.RTC_WriteAlarmCounter)
    i.RTC_WriteTimeCounter                   0x0800282c   Section        0  stm32f1xx_hal_rtc.o(i.RTC_WriteTimeCounter)
    RTC_WriteTimeCounter                     0x0800282d   Thumb Code    46  stm32f1xx_hal_rtc.o(i.RTC_WriteTimeCounter)
    i.SVC_Handler                            0x0800285a   Section        0  stm32f1xx_it.o(i.SVC_Handler)
    i.SysTick_Handler                        0x0800285c   Section        0  stm32f1xx_it.o(i.SysTick_Handler)
    i.SystemClock_Config                     0x08002868   Section        0  main.o(i.SystemClock_Config)
    i.SystemInit                             0x080028f0   Section        0  system_stm32f1xx.o(i.SystemInit)
    i.UART1_TestRecTimeOut                   0x08002948   Section        0  usart.o(i.UART1_TestRecTimeOut)
    i.UART_DMAAbortOnError                   0x08002968   Section        0  stm32f1xx_hal_uart.o(i.UART_DMAAbortOnError)
    UART_DMAAbortOnError                     0x08002969   Thumb Code    20  stm32f1xx_hal_uart.o(i.UART_DMAAbortOnError)
    i.UART_DMAError                          0x0800297c   Section        0  stm32f1xx_hal_uart.o(i.UART_DMAError)
    UART_DMAError                            0x0800297d   Thumb Code    80  stm32f1xx_hal_uart.o(i.UART_DMAError)
    i.UART_DMATransmitCplt                   0x080029cc   Section        0  stm32f1xx_hal_uart.o(i.UART_DMATransmitCplt)
    UART_DMATransmitCplt                     0x080029cd   Thumb Code    54  stm32f1xx_hal_uart.o(i.UART_DMATransmitCplt)
    i.UART_DMATxHalfCplt                     0x08002a02   Section        0  stm32f1xx_hal_uart.o(i.UART_DMATxHalfCplt)
    UART_DMATxHalfCplt                       0x08002a03   Thumb Code    14  stm32f1xx_hal_uart.o(i.UART_DMATxHalfCplt)
    i.UART_EndRxTransfer                     0x08002a10   Section        0  stm32f1xx_hal_uart.o(i.UART_EndRxTransfer)
    UART_EndRxTransfer                       0x08002a11   Thumb Code    32  stm32f1xx_hal_uart.o(i.UART_EndRxTransfer)
    i.UART_EndTransmit_IT                    0x08002a30   Section        0  stm32f1xx_hal_uart.o(i.UART_EndTransmit_IT)
    UART_EndTransmit_IT                      0x08002a31   Thumb Code    32  stm32f1xx_hal_uart.o(i.UART_EndTransmit_IT)
    i.UART_EndTxTransfer                     0x08002a50   Section        0  stm32f1xx_hal_uart.o(i.UART_EndTxTransfer)
    UART_EndTxTransfer                       0x08002a51   Thumb Code    20  stm32f1xx_hal_uart.o(i.UART_EndTxTransfer)
    i.UART_Receive_IT                        0x08002a64   Section        0  stm32f1xx_hal_uart.o(i.UART_Receive_IT)
    UART_Receive_IT                          0x08002a65   Thumb Code   166  stm32f1xx_hal_uart.o(i.UART_Receive_IT)
    i.UART_SetConfig                         0x08002b0c   Section        0  stm32f1xx_hal_uart.o(i.UART_SetConfig)
    UART_SetConfig                           0x08002b0d   Thumb Code   450  stm32f1xx_hal_uart.o(i.UART_SetConfig)
    i.UART_Transmit_IT                       0x08002cd4   Section        0  stm32f1xx_hal_uart.o(i.UART_Transmit_IT)
    UART_Transmit_IT                         0x08002cd5   Thumb Code   104  stm32f1xx_hal_uart.o(i.UART_Transmit_IT)
    i.USART1_IRQHandler                      0x08002d3c   Section        0  stm32f1xx_it.o(i.USART1_IRQHandler)
    i.USARTInit                              0x08002d4c   Section        0  usart.o(i.USARTInit)
    i.UsageFault_Handler                     0x08002d6c   Section        0  stm32f1xx_it.o(i.UsageFault_Handler)
    i.__scatterload_copy                     0x08002d70   Section       14  handlers.o(i.__scatterload_copy)
    i.__scatterload_null                     0x08002d7e   Section        2  handlers.o(i.__scatterload_null)
    i.__scatterload_zeroinit                 0x08002d80   Section       14  handlers.o(i.__scatterload_zeroinit)
    i.bufchar                                0x08002d90   Section        0  mqttpacket.o(i.bufchar)
    i.main                                   0x08002db8   Section        0  main.o(i.main)
    i.readChar                               0x08002de0   Section        0  mqttpacket.o(i.readChar)
    i.readInt                                0x08002dee   Section        0  mqttpacket.o(i.readInt)
    i.readMQTTLenString                      0x08002e08   Section        0  mqttpacket.o(i.readMQTTLenString)
    i.recv_PUBLISH                           0x08002e44   Section        0  mqttinterface.o(i.recv_PUBLISH)
    i.writeCString                           0x08002e94   Section        0  mqttpacket.o(i.writeCString)
    i.writeChar                              0x08002ebc   Section        0  mqttpacket.o(i.writeChar)
    i.writeInt                               0x08002ec8   Section        0  mqttpacket.o(i.writeInt)
    i.writeMQTTString                        0x08002ef8   Section        0  mqttpacket.o(i.writeMQTTString)
    .constdata                               0x08002f36   Section       24  system_stm32f1xx.o(.constdata)
    .constdata                               0x08002f50   Section      188  mqttinterface.o(.constdata)
    .data                                    0x20000000   Section        9  stm32f1xx_hal.o(.data)
    .data                                    0x2000000c   Section        4  system_stm32f1xx.o(.data)
    .data                                    0x20000010   Section        4  mqttpacket.o(.data)
    bufptr                                   0x20000010   Data           4  mqttpacket.o(.data)
    .bss                                     0x20000014   Section       20  rtc.o(.bss)
    .bss                                     0x20000028   Section     1164  usart.o(.bss)
    .bss                                     0x200004b4   Section     2068  mqttinterface.o(.bss)
    STACK                                    0x20000cc8   Section     1024  startup_stm32f103xe.o(STACK)

    Global Symbols

    Symbol Name                              Value     Ov Type        Size  Object(Section)

    BuildAttributes$$THM_ISAv4$P$D$K$B$S$PE$A:L22UL41UL21$X:L11$S22US41US21$IEEE1$IW$USESV6$~STKCKD$USESV7$~SHL$OTIME$ROPI$IEEEJ$EBA8$MICROLIB$REQ8$PRES8$EABIv2 0x00000000   Number         0  anon$$obj.o ABSOLUTE
    __ARM_use_no_argv                        0x00000000   Number         0  main.o ABSOLUTE
    _printf_a                                0x00000000   Number         0  stubs.o ABSOLUTE
    _printf_c                                0x00000000   Number         0  stubs.o ABSOLUTE
    _printf_charcount                        0x00000000   Number         0  stubs.o ABSOLUTE
    _printf_d                                0x00000000   Number         0  stubs.o ABSOLUTE
    _printf_e                                0x00000000   Number         0  stubs.o ABSOLUTE
    _printf_f                                0x00000000   Number         0  stubs.o ABSOLUTE
    _printf_flags                            0x00000000   Number         0  stubs.o ABSOLUTE
    _printf_fp_dec                           0x00000000   Number         0  stubs.o ABSOLUTE
    _printf_fp_hex                           0x00000000   Number         0  stubs.o ABSOLUTE
    _printf_g                                0x00000000   Number         0  stubs.o ABSOLUTE
    _printf_i                                0x00000000   Number         0  stubs.o ABSOLUTE
    _printf_int_dec                          0x00000000   Number         0  stubs.o ABSOLUTE
    _printf_l                                0x00000000   Number         0  stubs.o ABSOLUTE
    _printf_lc                               0x00000000   Number         0  stubs.o ABSOLUTE
    _printf_ll                               0x00000000   Number         0  stubs.o ABSOLUTE
    _printf_lld                              0x00000000   Number         0  stubs.o ABSOLUTE
    _printf_lli                              0x00000000   Number         0  stubs.o ABSOLUTE
    _printf_llo                              0x00000000   Number         0  stubs.o ABSOLUTE
    _printf_llu                              0x00000000   Number         0  stubs.o ABSOLUTE
    _printf_llx                              0x00000000   Number         0  stubs.o ABSOLUTE
    _printf_longlong_dec                     0x00000000   Number         0  stubs.o ABSOLUTE
    _printf_longlong_hex                     0x00000000   Number         0  stubs.o ABSOLUTE
    _printf_longlong_oct                     0x00000000   Number         0  stubs.o ABSOLUTE
    _printf_ls                               0x00000000   Number         0  stubs.o ABSOLUTE
    _printf_mbtowc                           0x00000000   Number         0  stubs.o ABSOLUTE
    _printf_n                                0x00000000   Number         0  stubs.o ABSOLUTE
    _printf_o                                0x00000000   Number         0  stubs.o ABSOLUTE
    _printf_p                                0x00000000   Number         0  stubs.o ABSOLUTE
    _printf_percent                          0x00000000   Number         0  stubs.o ABSOLUTE
    _printf_pre_padding                      0x00000000   Number         0  stubs.o ABSOLUTE
    _printf_return_value                     0x00000000   Number         0  stubs.o ABSOLUTE
    _printf_s                                0x00000000   Number         0  stubs.o ABSOLUTE
    _printf_sizespec                         0x00000000   Number         0  stubs.o ABSOLUTE
    _printf_str                              0x00000000   Number         0  stubs.o ABSOLUTE
    _printf_truncate_signed                  0x00000000   Number         0  stubs.o ABSOLUTE
    _printf_truncate_unsigned                0x00000000   Number         0  stubs.o ABSOLUTE
    _printf_u                                0x00000000   Number         0  stubs.o ABSOLUTE
    _printf_wc                               0x00000000   Number         0  stubs.o ABSOLUTE
    _printf_wctomb                           0x00000000   Number         0  stubs.o ABSOLUTE
    _printf_widthprec                        0x00000000   Number         0  stubs.o ABSOLUTE
    _printf_x                                0x00000000   Number         0  stubs.o ABSOLUTE
    __cpp_initialize__aeabi_                  - Undefined Weak Reference
    __cxa_finalize                            - Undefined Weak Reference
    __decompress                              - Undefined Weak Reference
    _clock_init                               - Undefined Weak Reference
    _microlib_exit                            - Undefined Weak Reference
    _scanf_int                                - Undefined Weak Reference
    _scanf_longlong                           - Undefined Weak Reference
    _scanf_string                             - Undefined Weak Reference
    __Vectors_Size                           0x00000130   Number         0  startup_stm32f103xe.o ABSOLUTE
    __Vectors                                0x08000000   Data           4  startup_stm32f103xe.o(RESET)
    __Vectors_End                            0x08000130   Data           0  startup_stm32f103xe.o(RESET)
    __main                                   0x08000131   Thumb Code     0  entry.o(.ARM.Collect$$$$00000000)
    _main_stk                                0x08000131   Thumb Code     0  entry2.o(.ARM.Collect$$$$00000001)
    _main_scatterload                        0x08000135   Thumb Code     0  entry5.o(.ARM.Collect$$$$00000004)
    __main_after_scatterload                 0x08000139   Thumb Code     0  entry5.o(.ARM.Collect$$$$00000004)
    _main_clock                              0x08000139   Thumb Code     0  entry7b.o(.ARM.Collect$$$$00000008)
    _main_cpp_init                           0x08000139   Thumb Code     0  entry8b.o(.ARM.Collect$$$$0000000A)
    _main_init                               0x08000139   Thumb Code     0  entry9a.o(.ARM.Collect$$$$0000000B)
    __rt_final_cpp                           0x08000141   Thumb Code     0  entry10a.o(.ARM.Collect$$$$0000000D)
    __rt_final_exit                          0x08000141   Thumb Code     0  entry11a.o(.ARM.Collect$$$$0000000F)
    Reset_Handler                            0x08000145   Thumb Code     8  startup_stm32f103xe.o(.text)
    ADC1_2_IRQHandler                        0x0800015f   Thumb Code     0  startup_stm32f103xe.o(.text)
    ADC3_IRQHandler                          0x0800015f   Thumb Code     0  startup_stm32f103xe.o(.text)
    CAN1_RX1_IRQHandler                      0x0800015f   Thumb Code     0  startup_stm32f103xe.o(.text)
    CAN1_SCE_IRQHandler                      0x0800015f   Thumb Code     0  startup_stm32f103xe.o(.text)
    DMA1_Channel1_IRQHandler                 0x0800015f   Thumb Code     0  startup_stm32f103xe.o(.text)
    DMA1_Channel2_IRQHandler                 0x0800015f   Thumb Code     0  startup_stm32f103xe.o(.text)
    DMA1_Channel3_IRQHandler                 0x0800015f   Thumb Code     0  startup_stm32f103xe.o(.text)
    DMA1_Channel5_IRQHandler                 0x0800015f   Thumb Code     0  startup_stm32f103xe.o(.text)
    DMA1_Channel6_IRQHandler                 0x0800015f   Thumb Code     0  startup_stm32f103xe.o(.text)
    DMA1_Channel7_IRQHandler                 0x0800015f   Thumb Code     0  startup_stm32f103xe.o(.text)
    DMA2_Channel1_IRQHandler                 0x0800015f   Thumb Code     0  startup_stm32f103xe.o(.text)
    DMA2_Channel2_IRQHandler                 0x0800015f   Thumb Code     0  startup_stm32f103xe.o(.text)
    DMA2_Channel3_IRQHandler                 0x0800015f   Thumb Code     0  startup_stm32f103xe.o(.text)
    DMA2_Channel4_5_IRQHandler               0x0800015f   Thumb Code     0  startup_stm32f103xe.o(.text)
    EXTI0_IRQHandler                         0x0800015f   Thumb Code     0  startup_stm32f103xe.o(.text)
    EXTI15_10_IRQHandler                     0x0800015f   Thumb Code     0  startup_stm32f103xe.o(.text)
    EXTI1_IRQHandler                         0x0800015f   Thumb Code     0  startup_stm32f103xe.o(.text)
    EXTI2_IRQHandler                         0x0800015f   Thumb Code     0  startup_stm32f103xe.o(.text)
    EXTI3_IRQHandler                         0x0800015f   Thumb Code     0  startup_stm32f103xe.o(.text)
    EXTI4_IRQHandler                         0x0800015f   Thumb Code     0  startup_stm32f103xe.o(.text)
    EXTI9_5_IRQHandler                       0x0800015f   Thumb Code     0  startup_stm32f103xe.o(.text)
    FLASH_IRQHandler                         0x0800015f   Thumb Code     0  startup_stm32f103xe.o(.text)
    FSMC_IRQHandler                          0x0800015f   Thumb Code     0  startup_stm32f103xe.o(.text)
    I2C1_ER_IRQHandler                       0x0800015f   Thumb Code     0  startup_stm32f103xe.o(.text)
    I2C1_EV_IRQHandler                       0x0800015f   Thumb Code     0  startup_stm32f103xe.o(.text)
    I2C2_ER_IRQHandler                       0x0800015f   Thumb Code     0  startup_stm32f103xe.o(.text)
    I2C2_EV_IRQHandler                       0x0800015f   Thumb Code     0  startup_stm32f103xe.o(.text)
    PVD_IRQHandler                           0x0800015f   Thumb Code     0  startup_stm32f103xe.o(.text)
    RCC_IRQHandler                           0x0800015f   Thumb Code     0  startup_stm32f103xe.o(.text)
    RTC_Alarm_IRQHandler                     0x0800015f   Thumb Code     0  startup_stm32f103xe.o(.text)
    RTC_IRQHandler                           0x0800015f   Thumb Code     0  startup_stm32f103xe.o(.text)
    SDIO_IRQHandler                          0x0800015f   Thumb Code     0  startup_stm32f103xe.o(.text)
    SPI1_IRQHandler                          0x0800015f   Thumb Code     0  startup_stm32f103xe.o(.text)
    SPI2_IRQHandler                          0x0800015f   Thumb Code     0  startup_stm32f103xe.o(.text)
    SPI3_IRQHandler                          0x0800015f   Thumb Code     0  startup_stm32f103xe.o(.text)
    TAMPER_IRQHandler                        0x0800015f   Thumb Code     0  startup_stm32f103xe.o(.text)
    TIM1_BRK_IRQHandler                      0x0800015f   Thumb Code     0  startup_stm32f103xe.o(.text)
    TIM1_CC_IRQHandler                       0x0800015f   Thumb Code     0  startup_stm32f103xe.o(.text)
    TIM1_TRG_COM_IRQHandler                  0x0800015f   Thumb Code     0  startup_stm32f103xe.o(.text)
    TIM1_UP_IRQHandler                       0x0800015f   Thumb Code     0  startup_stm32f103xe.o(.text)
    TIM2_IRQHandler                          0x0800015f   Thumb Code     0  startup_stm32f103xe.o(.text)
    TIM3_IRQHandler                          0x0800015f   Thumb Code     0  startup_stm32f103xe.o(.text)
    TIM4_IRQHandler                          0x0800015f   Thumb Code     0  startup_stm32f103xe.o(.text)
    TIM5_IRQHandler                          0x0800015f   Thumb Code     0  startup_stm32f103xe.o(.text)
    TIM6_IRQHandler                          0x0800015f   Thumb Code     0  startup_stm32f103xe.o(.text)
    TIM7_IRQHandler                          0x0800015f   Thumb Code     0  startup_stm32f103xe.o(.text)
    TIM8_BRK_IRQHandler                      0x0800015f   Thumb Code     0  startup_stm32f103xe.o(.text)
    TIM8_CC_IRQHandler                       0x0800015f   Thumb Code     0  startup_stm32f103xe.o(.text)
    TIM8_TRG_COM_IRQHandler                  0x0800015f   Thumb Code     0  startup_stm32f103xe.o(.text)
    TIM8_UP_IRQHandler                       0x0800015f   Thumb Code     0  startup_stm32f103xe.o(.text)
    UART4_IRQHandler                         0x0800015f   Thumb Code     0  startup_stm32f103xe.o(.text)
    UART5_IRQHandler                         0x0800015f   Thumb Code     0  startup_stm32f103xe.o(.text)
    USART2_IRQHandler                        0x0800015f   Thumb Code     0  startup_stm32f103xe.o(.text)
    USART3_IRQHandler                        0x0800015f   Thumb Code     0  startup_stm32f103xe.o(.text)
    USBWakeUp_IRQHandler                     0x0800015f   Thumb Code     0  startup_stm32f103xe.o(.text)
    USB_HP_CAN1_TX_IRQHandler                0x0800015f   Thumb Code     0  startup_stm32f103xe.o(.text)
    USB_LP_CAN1_RX0_IRQHandler               0x0800015f   Thumb Code     0  startup_stm32f103xe.o(.text)
    WWDG_IRQHandler                          0x0800015f   Thumb Code     0  startup_stm32f103xe.o(.text)
    __aeabi_memcpy                           0x08000169   Thumb Code    36  memcpya.o(.text)
    __aeabi_memcpy4                          0x08000169   Thumb Code     0  memcpya.o(.text)
    __aeabi_memcpy8                          0x08000169   Thumb Code     0  memcpya.o(.text)
    __aeabi_memset                           0x0800018d   Thumb Code    14  memseta.o(.text)
    __aeabi_memset4                          0x0800018d   Thumb Code     0  memseta.o(.text)
    __aeabi_memset8                          0x0800018d   Thumb Code     0  memseta.o(.text)
    __aeabi_memclr                           0x0800019b   Thumb Code     4  memseta.o(.text)
    __aeabi_memclr4                          0x0800019b   Thumb Code     0  memseta.o(.text)
    __aeabi_memclr8                          0x0800019b   Thumb Code     0  memseta.o(.text)
    _memset$wrapper                          0x0800019f   Thumb Code    18  memseta.o(.text)
    strlen                                   0x080001b1   Thumb Code    14  strlen.o(.text)
    __scatterload                            0x080001c1   Thumb Code    28  init.o(.text)
    __scatterload_rt2                        0x080001c1   Thumb Code     0  init.o(.text)
    AliMQTTConnect                           0x080001e5   Thumb Code   128  mqttinterface.o(i.AliMQTTConnect)
    AliRecv_CONNACK                          0x0800027d   Thumb Code   100  mqttinterface.o(i.AliRecv_CONNACK)
    Ali_MQTT_Yield                           0x080002e5   Thumb Code   120  mqttinterface.o(i.Ali_MQTT_Yield)
    BusFault_Handler                         0x08000361   Thumb Code     4  stm32f1xx_it.o(i.BusFault_Handler)
    DMA1_Channel4_IRQHandler                 0x08000365   Thumb Code    10  stm32f1xx_it.o(i.DMA1_Channel4_IRQHandler)
    DebugMon_Handler                         0x080003a1   Thumb Code     2  stm32f1xx_it.o(i.DebugMon_Handler)
    Error_Handler                            0x080003a3   Thumb Code     2  main.o(i.Error_Handler)
    HAL_DMA_Abort_IT                         0x080003a5   Thumb Code   414  stm32f1xx_hal_dma.o(i.HAL_DMA_Abort_IT)
    HAL_DMA_IRQHandler                       0x0800054d   Thumb Code   910  stm32f1xx_hal_dma.o(i.HAL_DMA_IRQHandler)
    HAL_DMA_Init                             0x080008e5   Thumb Code   132  stm32f1xx_hal_dma.o(i.HAL_DMA_Init)
    HAL_DMA_Start_IT                         0x08000971   Thumb Code   156  stm32f1xx_hal_dma.o(i.HAL_DMA_Start_IT)
    HAL_Delay                                0x08000a0d   Thumb Code    36  stm32f1xx_hal.o(i.HAL_Delay)
    HAL_GPIO_Init                            0x08000a35   Thumb Code   790  stm32f1xx_hal_gpio.o(i.HAL_GPIO_Init)
    HAL_GetTick                              0x08000d75   Thumb Code     6  stm32f1xx_hal.o(i.HAL_GetTick)
    HAL_IncTick                              0x08000d81   Thumb Code    16  stm32f1xx_hal.o(i.HAL_IncTick)
    HAL_Init                                 0x08000d99   Thumb Code    34  stm32f1xx_hal.o(i.HAL_Init)
    HAL_InitTick                             0x08000dc1   Thumb Code    64  stm32f1xx_hal.o(i.HAL_InitTick)
    HAL_MspInit                              0x08000e0d   Thumb Code    74  stm32f1xx_hal_msp.o(i.HAL_MspInit)
    HAL_NVIC_EnableIRQ                       0x08000e61   Thumb Code    26  stm32f1xx_hal_cortex.o(i.HAL_NVIC_EnableIRQ)
    HAL_NVIC_SetPriority                     0x08000e7b   Thumb Code   124  stm32f1xx_hal_cortex.o(i.HAL_NVIC_SetPriority)
    HAL_NVIC_SetPriorityGrouping             0x08000ef9   Thumb Code    32  stm32f1xx_hal_cortex.o(i.HAL_NVIC_SetPriorityGrouping)
    HAL_PWR_EnableBkUpAccess                 0x08000f21   Thumb Code     8  stm32f1xx_hal_pwr.o(i.HAL_PWR_EnableBkUpAccess)
    HAL_RCCEx_GetPeriphCLKFreq               0x08000f2d   Thumb Code   284  stm32f1xx_hal_rcc_ex.o(i.HAL_RCCEx_GetPeriphCLKFreq)
    HAL_RCCEx_PeriphCLKConfig                0x08001069   Thumb Code   290  stm32f1xx_hal_rcc_ex.o(i.HAL_RCCEx_PeriphCLKConfig)
    HAL_RCC_ClockConfig                      0x08001199   Thumb Code   446  stm32f1xx_hal_rcc.o(i.HAL_RCC_ClockConfig)
    HAL_RCC_GetHCLKFreq                      0x08001369   Thumb Code     6  stm32f1xx_hal_rcc.o(i.HAL_RCC_GetHCLKFreq)
    HAL_RCC_GetPCLK1Freq                     0x08001375   Thumb Code    22  stm32f1xx_hal_rcc.o(i.HAL_RCC_GetPCLK1Freq)
    HAL_RCC_GetPCLK2Freq                     0x08001395   Thumb Code    22  stm32f1xx_hal_rcc.o(i.HAL_RCC_GetPCLK2Freq)
    HAL_RCC_GetSysClockFreq                  0x080013b5   Thumb Code   116  stm32f1xx_hal_rcc.o(i.HAL_RCC_GetSysClockFreq)
    HAL_RCC_OscConfig                        0x08001449   Thumb Code  1078  stm32f1xx_hal_rcc.o(i.HAL_RCC_OscConfig)
    HAL_RTC_Init                             0x08001889   Thumb Code   202  stm32f1xx_hal_rtc.o(i.HAL_RTC_Init)
    HAL_RTC_MspInit                          0x08001959   Thumb Code    52  rtc.o(i.HAL_RTC_MspInit)
    HAL_RTC_SetDate                          0x08001999   Thumb Code   242  stm32f1xx_hal_rtc.o(i.HAL_RTC_SetDate)
    HAL_RTC_SetTime                          0x08001a91   Thumb Code   214  stm32f1xx_hal_rtc.o(i.HAL_RTC_SetTime)
    HAL_RTC_WaitForSynchro                   0x08001b6d   Thumb Code    64  stm32f1xx_hal_rtc.o(i.HAL_RTC_WaitForSynchro)
    HAL_SYSTICK_Config                       0x08001bad   Thumb Code    52  stm32f1xx_hal_cortex.o(i.HAL_SYSTICK_Config)
    HAL_UART_ErrorCallback                   0x08001be1   Thumb Code     2  stm32f1xx_hal_uart.o(i.HAL_UART_ErrorCallback)
    HAL_UART_IRQHandler                      0x08001be5   Thumb Code   326  stm32f1xx_hal_uart.o(i.HAL_UART_IRQHandler)
    HAL_UART_Init                            0x08001d31   Thumb Code   114  stm32f1xx_hal_uart.o(i.HAL_UART_Init)
    HAL_UART_MspInit                         0x08001da5   Thumb Code   188  usart.o(i.HAL_UART_MspInit)
    HAL_UART_Receive_IT                      0x08001e75   Thumb Code   112  stm32f1xx_hal_uart.o(i.HAL_UART_Receive_IT)
    HAL_UART_RxCpltCallback                  0x08001ee5   Thumb Code    68  usart.o(i.HAL_UART_RxCpltCallback)
    HAL_UART_Transmit_DMA                    0x08001f31   Thumb Code   142  stm32f1xx_hal_uart.o(i.HAL_UART_Transmit_DMA)
    HAL_UART_TxCpltCallback                  0x08001fcd   Thumb Code     2  stm32f1xx_hal_uart.o(i.HAL_UART_TxCpltCallback)
    HAL_UART_TxHalfCpltCallback              0x08001fcf   Thumb Code     2  stm32f1xx_hal_uart.o(i.HAL_UART_TxHalfCpltCallback)
    HardFault_Handler                        0x08001fd1   Thumb Code     4  stm32f1xx_it.o(i.HardFault_Handler)
    MQTTDeserialize_connack                  0x08001fd5   Thumb Code   118  mqttconnectclient.o(i.MQTTDeserialize_connack)
    MQTTDeserialize_publish                  0x0800204b   Thumb Code   174  mqttdeserializepublish.o(i.MQTTDeserialize_publish)
    MQTTDeserialize_suback                   0x080020f9   Thumb Code   146  mqttsubscribeclient.o(i.MQTTDeserialize_suback)
    MQTTPacket_decode                        0x0800218b   Thumb Code    88  mqttpacket.o(i.MQTTPacket_decode)
    MQTTPacket_decodeBuf                     0x080021e5   Thumb Code    20  mqttpacket.o(i.MQTTPacket_decodeBuf)
    MQTTPacket_encode                        0x08002201   Thumb Code    54  mqttpacket.o(i.MQTTPacket_encode)
    MQTTPacket_len                           0x08002239   Thumb Code    34  mqttpacket.o(i.MQTTPacket_len)
    MQTTSerialize_connect                    0x08002261   Thumb Code   370  mqttconnectclient.o(i.MQTTSerialize_connect)
    MQTTSerialize_connectLength              0x080023e5   Thumb Code   118  mqttconnectclient.o(i.MQTTSerialize_connectLength)
    MQTTgetData                              0x0800245d   Thumb Code   102  usart.o(i.MQTTgetData)
    MQTTsendPacketBuffer                     0x080024c9   Thumb Code    24  usart.o(i.MQTTsendPacketBuffer)
    MQTTstrlen                               0x080024e9   Thumb Code    24  mqttpacket.o(i.MQTTstrlen)
    MX_DMA_Init                              0x08002501   Thumb Code    48  dma.o(i.MX_DMA_Init)
    MX_GPIO_Init                             0x08002535   Thumb Code    84  gpio.o(i.MX_GPIO_Init)
    MX_RTC_Init                              0x0800258d   Thumb Code   106  rtc.o(i.MX_RTC_Init)
    MX_USART1_UART_Init                      0x08002601   Thumb Code    46  usart.o(i.MX_USART1_UART_Init)
    MemManage_Handler                        0x08002639   Thumb Code     4  stm32f1xx_it.o(i.MemManage_Handler)
    NMI_Handler                              0x0800263d   Thumb Code     2  stm32f1xx_it.o(i.NMI_Handler)
    PendSV_Handler                           0x08002679   Thumb Code     2  stm32f1xx_it.o(i.PendSV_Handler)
    SVC_Handler                              0x0800285b   Thumb Code     2  stm32f1xx_it.o(i.SVC_Handler)
    SysTick_Handler                          0x0800285d   Thumb Code    12  stm32f1xx_it.o(i.SysTick_Handler)
    SystemClock_Config                       0x08002869   Thumb Code   134  main.o(i.SystemClock_Config)
    SystemInit                               0x080028f1   Thumb Code    70  system_stm32f1xx.o(i.SystemInit)
    UART1_TestRecTimeOut                     0x08002949   Thumb Code    28  usart.o(i.UART1_TestRecTimeOut)
    USART1_IRQHandler                        0x08002d3d   Thumb Code    10  stm32f1xx_it.o(i.USART1_IRQHandler)
    USARTInit                                0x08002d4d   Thumb Code    20  usart.o(i.USARTInit)
    UsageFault_Handler                       0x08002d6d   Thumb Code     4  stm32f1xx_it.o(i.UsageFault_Handler)
    __scatterload_copy                       0x08002d71   Thumb Code    14  handlers.o(i.__scatterload_copy)
    __scatterload_null                       0x08002d7f   Thumb Code     2  handlers.o(i.__scatterload_null)
    __scatterload_zeroinit                   0x08002d81   Thumb Code    14  handlers.o(i.__scatterload_zeroinit)
    bufchar                                  0x08002d91   Thumb Code    36  mqttpacket.o(i.bufchar)
    main                                     0x08002db9   Thumb Code    40  main.o(i.main)
    readChar                                 0x08002de1   Thumb Code    14  mqttpacket.o(i.readChar)
    readInt                                  0x08002def   Thumb Code    26  mqttpacket.o(i.readInt)
    readMQTTLenString                        0x08002e09   Thumb Code    58  mqttpacket.o(i.readMQTTLenString)
    recv_PUBLISH                             0x08002e45   Thumb Code    70  mqttinterface.o(i.recv_PUBLISH)
    writeCString                             0x08002e95   Thumb Code    40  mqttpacket.o(i.writeCString)
    writeChar                                0x08002ebd   Thumb Code    12  mqttpacket.o(i.writeChar)
    writeInt                                 0x08002ec9   Thumb Code    48  mqttpacket.o(i.writeInt)
    writeMQTTString                          0x08002ef9   Thumb Code    62  mqttpacket.o(i.writeMQTTString)
    AHBPrescTable                            0x08002f36   Data          16  system_stm32f1xx.o(.constdata)
    APBPrescTable                            0x08002f46   Data           8  system_stm32f1xx.o(.constdata)
    clientID                                 0x08002f50   Data          40  mqttinterface.o(.constdata)
    password                                 0x08002f78   Data          41  mqttinterface.o(.constdata)
    username                                 0x08002fa1   Data          19  mqttinterface.o(.constdata)
    Region$$Table$$Base                      0x0800300c   Number         0  anon$$obj.o(Region$$Table)
    Region$$Table$$Limit                     0x0800302c   Number         0  anon$$obj.o(Region$$Table)
    uwTick                                   0x20000000   Data           4  stm32f1xx_hal.o(.data)
    uwTickPrio                               0x20000004   Data           4  stm32f1xx_hal.o(.data)
    uwTickFreq                               0x20000008   Data           1  stm32f1xx_hal.o(.data)
    SystemCoreClock                          0x2000000c   Data           4  system_stm32f1xx.o(.data)
    hrtc                                     0x20000014   Data          20  rtc.o(.bss)
    U1ReciMessage                            0x20000028   Data        1032  usart.o(.bss)
    huart1                                   0x20000430   Data          64  usart.o(.bss)
    hdma_usart1_tx                           0x20000470   Data          68  usart.o(.bss)
    MQTTSendBuf                              0x200004b4   Data        1024  mqttinterface.o(.bss)
    MQTTReciBuf                              0x200008b4   Data        1024  mqttinterface.o(.bss)
    topic_msg                                0x20000cb4   Data          20  mqttinterface.o(.bss)
    __initial_sp                             0x200010c8   Data           0  startup_stm32f103xe.o(STACK)



==============================================================================

Memory Map of the image

  Image Entry point : 0x08000131

  Load Region LR_IROM1 (Base: 0x08000000, Size: 0x00003040, Max: 0x00080000, ABSOLUTE)

    Execution Region ER_IROM1 (Exec base: 0x08000000, Load base: 0x08000000, Size: 0x0000302c, Max: 0x00080000, ABSOLUTE)

    Exec Addr    Load Addr    Size         Type   Attr      Idx    E Section Name        Object

    0x08000000   0x08000000   0x00000130   Data   RO            3    RESET               startup_stm32f103xe.o
    0x08000130   0x08000130   0x00000000   Code   RO         4263  * .ARM.Collect$$$$00000000  mc_w.l(entry.o)
    0x08000130   0x08000130   0x00000004   Code   RO         4605    .ARM.Collect$$$$00000001  mc_w.l(entry2.o)
    0x08000134   0x08000134   0x00000004   Code   RO         4608    .ARM.Collect$$$$00000004  mc_w.l(entry5.o)
    0x08000138   0x08000138   0x00000000   Code   RO         4610    .ARM.Collect$$$$00000008  mc_w.l(entry7b.o)
    0x08000138   0x08000138   0x00000000   Code   RO         4612    .ARM.Collect$$$$0000000A  mc_w.l(entry8b.o)
    0x08000138   0x08000138   0x00000008   Code   RO         4613    .ARM.Collect$$$$0000000B  mc_w.l(entry9a.o)
    0x08000140   0x08000140   0x00000000   Code   RO         4615    .ARM.Collect$$$$0000000D  mc_w.l(entry10a.o)
    0x08000140   0x08000140   0x00000000   Code   RO         4617    .ARM.Collect$$$$0000000F  mc_w.l(entry11a.o)
    0x08000140   0x08000140   0x00000004   Code   RO         4606    .ARM.Collect$$$$00002712  mc_w.l(entry2.o)
    0x08000144   0x08000144   0x00000024   Code   RO            4    .text               startup_stm32f103xe.o
    0x08000168   0x08000168   0x00000024   Code   RO         4272    .text               mc_w.l(memcpya.o)
    0x0800018c   0x0800018c   0x00000024   Code   RO         4274    .text               mc_w.l(memseta.o)
    0x080001b0   0x080001b0   0x0000000e   Code   RO         4284    .text               mc_w.l(strlen.o)
    0x080001be   0x080001be   0x00000002   PAD
    0x080001c0   0x080001c0   0x00000024   Code   RO         4658    .text               mc_w.l(init.o)
    0x080001e4   0x080001e4   0x00000098   Code   RO         4197    i.AliMQTTConnect    mqttinterface.o
    0x0800027c   0x0800027c   0x00000068   Code   RO         4198    i.AliRecv_CONNACK   mqttinterface.o
    0x080002e4   0x080002e4   0x0000007c   Code   RO         4199    i.Ali_MQTT_Yield    mqttinterface.o
    0x08000360   0x08000360   0x00000004   Code   RO          364    i.BusFault_Handler  stm32f1xx_it.o
    0x08000364   0x08000364   0x00000010   Code   RO          365    i.DMA1_Channel4_IRQHandler  stm32f1xx_it.o
    0x08000374   0x08000374   0x0000002c   Code   RO         1527    i.DMA_SetConfig     stm32f1xx_hal_dma.o
    0x080003a0   0x080003a0   0x00000002   Code   RO          366    i.DebugMon_Handler  stm32f1xx_it.o
    0x080003a2   0x080003a2   0x00000002   Code   RO           13    i.Error_Handler     main.o
    0x080003a4   0x080003a4   0x000001a8   Code   RO         1529    i.HAL_DMA_Abort_IT  stm32f1xx_hal_dma.o
    0x0800054c   0x0800054c   0x00000398   Code   RO         1533    i.HAL_DMA_IRQHandler  stm32f1xx_hal_dma.o
    0x080008e4   0x080008e4   0x0000008c   Code   RO         1534    i.HAL_DMA_Init      stm32f1xx_hal_dma.o
    0x08000970   0x08000970   0x0000009c   Code   RO         1538    i.HAL_DMA_Start_IT  stm32f1xx_hal_dma.o
    0x08000a0c   0x08000a0c   0x00000028   Code   RO         1163    i.HAL_Delay         stm32f1xx_hal.o
    0x08000a34   0x08000a34   0x00000340   Code   RO         1464    i.HAL_GPIO_Init     stm32f1xx_hal_gpio.o
    0x08000d74   0x08000d74   0x0000000c   Code   RO         1167    i.HAL_GetTick       stm32f1xx_hal.o
    0x08000d80   0x08000d80   0x00000018   Code   RO         1171    i.HAL_IncTick       stm32f1xx_hal.o
    0x08000d98   0x08000d98   0x00000028   Code   RO         1172    i.HAL_Init          stm32f1xx_hal.o
    0x08000dc0   0x08000dc0   0x0000004c   Code   RO         1173    i.HAL_InitTick      stm32f1xx_hal.o
    0x08000e0c   0x08000e0c   0x00000054   Code   RO          452    i.HAL_MspInit       stm32f1xx_hal_msp.o
    0x08000e60   0x08000e60   0x0000001a   Code   RO         1624    i.HAL_NVIC_EnableIRQ  stm32f1xx_hal_cortex.o
    0x08000e7a   0x08000e7a   0x0000007c   Code   RO         1630    i.HAL_NVIC_SetPriority  stm32f1xx_hal_cortex.o
    0x08000ef6   0x08000ef6   0x00000002   PAD
    0x08000ef8   0x08000ef8   0x00000028   Code   RO         1631    i.HAL_NVIC_SetPriorityGrouping  stm32f1xx_hal_cortex.o
    0x08000f20   0x08000f20   0x0000000c   Code   RO         1751    i.HAL_PWR_EnableBkUpAccess  stm32f1xx_hal_pwr.o
    0x08000f2c   0x08000f2c   0x0000013c   Code   RO         1426    i.HAL_RCCEx_GetPeriphCLKFreq  stm32f1xx_hal_rcc_ex.o
    0x08001068   0x08001068   0x00000130   Code   RO         1427    i.HAL_RCCEx_PeriphCLKConfig  stm32f1xx_hal_rcc_ex.o
    0x08001198   0x08001198   0x000001d0   Code   RO         1319    i.HAL_RCC_ClockConfig  stm32f1xx_hal_rcc.o
    0x08001368   0x08001368   0x0000000c   Code   RO         1324    i.HAL_RCC_GetHCLKFreq  stm32f1xx_hal_rcc.o
    0x08001374   0x08001374   0x00000020   Code   RO         1326    i.HAL_RCC_GetPCLK1Freq  stm32f1xx_hal_rcc.o
    0x08001394   0x08001394   0x00000020   Code   RO         1327    i.HAL_RCC_GetPCLK2Freq  stm32f1xx_hal_rcc.o
    0x080013b4   0x080013b4   0x00000094   Code   RO         1328    i.HAL_RCC_GetSysClockFreq  stm32f1xx_hal_rcc.o
    0x08001448   0x08001448   0x00000440   Code   RO         1331    i.HAL_RCC_OscConfig  stm32f1xx_hal_rcc.o
    0x08001888   0x08001888   0x000000d0   Code   RO          520    i.HAL_RTC_Init      stm32f1xx_hal_rtc.o
    0x08001958   0x08001958   0x00000040   Code   RO          245    i.HAL_RTC_MspInit   rtc.o
    0x08001998   0x08001998   0x000000f8   Code   RO          526    i.HAL_RTC_SetDate   stm32f1xx_hal_rtc.o
    0x08001a90   0x08001a90   0x000000dc   Code   RO          527    i.HAL_RTC_SetTime   stm32f1xx_hal_rtc.o
    0x08001b6c   0x08001b6c   0x00000040   Code   RO          528    i.HAL_RTC_WaitForSynchro  stm32f1xx_hal_rtc.o
    0x08001bac   0x08001bac   0x00000034   Code   RO         1635    i.HAL_SYSTICK_Config  stm32f1xx_hal_cortex.o
    0x08001be0   0x08001be0   0x00000002   Code   RO          846    i.HAL_UART_ErrorCallback  stm32f1xx_hal_uart.o
    0x08001be2   0x08001be2   0x00000002   PAD
    0x08001be4   0x08001be4   0x0000014c   Code   RO          849    i.HAL_UART_IRQHandler  stm32f1xx_hal_uart.o
    0x08001d30   0x08001d30   0x00000072   Code   RO          850    i.HAL_UART_Init     stm32f1xx_hal_uart.o
    0x08001da2   0x08001da2   0x00000002   PAD
    0x08001da4   0x08001da4   0x000000d0   Code   RO          287    i.HAL_UART_MspInit  usart.o
    0x08001e74   0x08001e74   0x00000070   Code   RO          855    i.HAL_UART_Receive_IT  stm32f1xx_hal_uart.o
    0x08001ee4   0x08001ee4   0x0000004c   Code   RO          288    i.HAL_UART_RxCpltCallback  usart.o
    0x08001f30   0x08001f30   0x0000009c   Code   RO          859    i.HAL_UART_Transmit_DMA  stm32f1xx_hal_uart.o
    0x08001fcc   0x08001fcc   0x00000002   Code   RO          861    i.HAL_UART_TxCpltCallback  stm32f1xx_hal_uart.o
    0x08001fce   0x08001fce   0x00000002   Code   RO          862    i.HAL_UART_TxHalfCpltCallback  stm32f1xx_hal_uart.o
    0x08001fd0   0x08001fd0   0x00000004   Code   RO          367    i.HardFault_Handler  stm32f1xx_it.o
    0x08001fd4   0x08001fd4   0x00000076   Code   RO         3296    i.MQTTDeserialize_connack  mqttconnectclient.o
    0x0800204a   0x0800204a   0x000000ae   Code   RO         3339    i.MQTTDeserialize_publish  mqttdeserializepublish.o
    0x080020f8   0x080020f8   0x00000092   Code   RO         3478    i.MQTTDeserialize_suback  mqttsubscribeclient.o
    0x0800218a   0x0800218a   0x00000058   Code   RO         3356    i.MQTTPacket_decode  mqttpacket.o
    0x080021e2   0x080021e2   0x00000002   PAD
    0x080021e4   0x080021e4   0x0000001c   Code   RO         3357    i.MQTTPacket_decodeBuf  mqttpacket.o
    0x08002200   0x08002200   0x00000036   Code   RO         3358    i.MQTTPacket_encode  mqttpacket.o
    0x08002236   0x08002236   0x00000002   PAD
    0x08002238   0x08002238   0x00000028   Code   RO         3360    i.MQTTPacket_len    mqttpacket.o
    0x08002260   0x08002260   0x00000184   Code   RO         3297    i.MQTTSerialize_connect  mqttconnectclient.o
    0x080023e4   0x080023e4   0x00000076   Code   RO         3298    i.MQTTSerialize_connectLength  mqttconnectclient.o
    0x0800245a   0x0800245a   0x00000002   PAD
    0x0800245c   0x0800245c   0x0000006c   Code   RO          289    i.MQTTgetData       usart.o
    0x080024c8   0x080024c8   0x00000020   Code   RO          290    i.MQTTsendPacketBuffer  usart.o
    0x080024e8   0x080024e8   0x00000018   Code   RO         3361    i.MQTTstrlen        mqttpacket.o
    0x08002500   0x08002500   0x00000034   Code   RO          220    i.MX_DMA_Init       dma.o
    0x08002534   0x08002534   0x00000058   Code   RO          192    i.MX_GPIO_Init      gpio.o
    0x0800258c   0x0800258c   0x00000074   Code   RO          246    i.MX_RTC_Init       rtc.o
    0x08002600   0x08002600   0x00000038   Code   RO          291    i.MX_USART1_UART_Init  usart.o
    0x08002638   0x08002638   0x00000004   Code   RO          368    i.MemManage_Handler  stm32f1xx_it.o
    0x0800263c   0x0800263c   0x00000002   Code   RO          369    i.NMI_Handler       stm32f1xx_it.o
    0x0800263e   0x0800263e   0x00000002   PAD
    0x08002640   0x08002640   0x00000010   Code   RO         1637    i.NVIC_GetPriorityGrouping  stm32f1xx_hal_cortex.o
    0x08002650   0x08002650   0x00000028   Code   RO         1638    i.NVIC_SetPriority  stm32f1xx_hal_cortex.o
    0x08002678   0x08002678   0x00000002   Code   RO          370    i.PendSV_Handler    stm32f1xx_it.o
    0x0800267a   0x0800267a   0x00000002   PAD
    0x0800267c   0x0800267c   0x00000028   Code   RO         1332    i.RCC_Delay         stm32f1xx_hal_rcc.o
    0x080026a4   0x080026a4   0x00000016   Code   RO          529    i.RTC_Bcd2ToByte    stm32f1xx_hal_rtc.o
    0x080026ba   0x080026ba   0x0000003a   Code   RO          532    i.RTC_EnterInitMode  stm32f1xx_hal_rtc.o
    0x080026f4   0x080026f4   0x0000003a   Code   RO          533    i.RTC_ExitInitMode  stm32f1xx_hal_rtc.o
    0x0800272e   0x0800272e   0x00000018   Code   RO          535    i.RTC_ReadAlarmCounter  stm32f1xx_hal_rtc.o
    0x08002746   0x08002746   0x00000034   Code   RO          536    i.RTC_ReadTimeCounter  stm32f1xx_hal_rtc.o
    0x0800277a   0x0800277a   0x00000084   Code   RO          537    i.RTC_WeekDayNum    stm32f1xx_hal_rtc.o
    0x080027fe   0x080027fe   0x0000002e   Code   RO          538    i.RTC_WriteAlarmCounter  stm32f1xx_hal_rtc.o
    0x0800282c   0x0800282c   0x0000002e   Code   RO          539    i.RTC_WriteTimeCounter  stm32f1xx_hal_rtc.o
    0x0800285a   0x0800285a   0x00000002   Code   RO          371    i.SVC_Handler       stm32f1xx_it.o
    0x0800285c   0x0800285c   0x0000000c   Code   RO          372    i.SysTick_Handler   stm32f1xx_it.o
    0x08002868   0x08002868   0x00000086   Code   RO           14    i.SystemClock_Config  main.o
    0x080028ee   0x080028ee   0x00000002   PAD
    0x080028f0   0x080028f0   0x00000058   Code   RO         2079    i.SystemInit        system_stm32f1xx.o
    0x08002948   0x08002948   0x00000020   Code   RO          292    i.UART1_TestRecTimeOut  usart.o
    0x08002968   0x08002968   0x00000014   Code   RO          863    i.UART_DMAAbortOnError  stm32f1xx_hal_uart.o
    0x0800297c   0x0800297c   0x00000050   Code   RO          864    i.UART_DMAError     stm32f1xx_hal_uart.o
    0x080029cc   0x080029cc   0x00000036   Code   RO          869    i.UART_DMATransmitCplt  stm32f1xx_hal_uart.o
    0x08002a02   0x08002a02   0x0000000e   Code   RO          871    i.UART_DMATxHalfCplt  stm32f1xx_hal_uart.o
    0x08002a10   0x08002a10   0x00000020   Code   RO          873    i.UART_EndRxTransfer  stm32f1xx_hal_uart.o
    0x08002a30   0x08002a30   0x00000020   Code   RO          874    i.UART_EndTransmit_IT  stm32f1xx_hal_uart.o
    0x08002a50   0x08002a50   0x00000014   Code   RO          875    i.UART_EndTxTransfer  stm32f1xx_hal_uart.o
    0x08002a64   0x08002a64   0x000000a6   Code   RO          876    i.UART_Receive_IT   stm32f1xx_hal_uart.o
    0x08002b0a   0x08002b0a   0x00000002   PAD
    0x08002b0c   0x08002b0c   0x000001c8   Code   RO          877    i.UART_SetConfig    stm32f1xx_hal_uart.o
    0x08002cd4   0x08002cd4   0x00000068   Code   RO          878    i.UART_Transmit_IT  stm32f1xx_hal_uart.o
    0x08002d3c   0x08002d3c   0x00000010   Code   RO          373    i.USART1_IRQHandler  stm32f1xx_it.o
    0x08002d4c   0x08002d4c   0x00000020   Code   RO          294    i.USARTInit         usart.o
    0x08002d6c   0x08002d6c   0x00000004   Code   RO          374    i.UsageFault_Handler  stm32f1xx_it.o
    0x08002d70   0x08002d70   0x0000000e   Code   RO         4709    i.__scatterload_copy  mc_w.l(handlers.o)
    0x08002d7e   0x08002d7e   0x00000002   Code   RO         4710    i.__scatterload_null  mc_w.l(handlers.o)
    0x08002d80   0x08002d80   0x0000000e   Code   RO         4711    i.__scatterload_zeroinit  mc_w.l(handlers.o)
    0x08002d8e   0x08002d8e   0x00000002   PAD
    0x08002d90   0x08002d90   0x00000028   Code   RO         3362    i.bufchar           mqttpacket.o
    0x08002db8   0x08002db8   0x00000028   Code   RO           15    i.main              main.o
    0x08002de0   0x08002de0   0x0000000e   Code   RO         3364    i.readChar          mqttpacket.o
    0x08002dee   0x08002dee   0x0000001a   Code   RO         3365    i.readInt           mqttpacket.o
    0x08002e08   0x08002e08   0x0000003a   Code   RO         3366    i.readMQTTLenString  mqttpacket.o
    0x08002e42   0x08002e42   0x00000002   PAD
    0x08002e44   0x08002e44   0x00000050   Code   RO         4202    i.recv_PUBLISH      mqttinterface.o
    0x08002e94   0x08002e94   0x00000028   Code   RO         3367    i.writeCString      mqttpacket.o
    0x08002ebc   0x08002ebc   0x0000000c   Code   RO         3368    i.writeChar         mqttpacket.o
    0x08002ec8   0x08002ec8   0x00000030   Code   RO         3369    i.writeInt          mqttpacket.o
    0x08002ef8   0x08002ef8   0x0000003e   Code   RO         3370    i.writeMQTTString   mqttpacket.o
    0x08002f36   0x08002f36   0x00000018   Data   RO         2080    .constdata          system_stm32f1xx.o
    0x08002f4e   0x08002f4e   0x00000002   PAD
    0x08002f50   0x08002f50   0x000000bc   Data   RO         4205    .constdata          mqttinterface.o
    0x0800300c   0x0800300c   0x00000020   Data   RO         4707    Region$$Table       anon$$obj.o


    Execution Region RW_IRAM1 (Exec base: 0x20000000, Load base: 0x0800302c, Size: 0x000010c8, Max: 0x00010000, ABSOLUTE)

    Exec Addr    Load Addr    Size         Type   Attr      Idx    E Section Name        Object

    0x20000000   0x0800302c   0x00000009   Data   RW         1179    .data               stm32f1xx_hal.o
    0x20000009   0x08003035   0x00000003   PAD
    0x2000000c   0x08003038   0x00000004   Data   RW         2081    .data               system_stm32f1xx.o
    0x20000010   0x0800303c   0x00000004   Data   RW         3371    .data               mqttpacket.o
    0x20000014        -       0x00000014   Zero   RW          247    .bss                rtc.o
    0x20000028        -       0x0000048c   Zero   RW          295    .bss                usart.o
    0x200004b4        -       0x00000814   Zero   RW         4204    .bss                mqttinterface.o
    0x20000cc8        -       0x00000400   Zero   RW            1    STACK               startup_stm32f103xe.o


==============================================================================

Image component sizes


      Code (inc. data)   RO Data    RW Data    ZI Data      Debug   Object Name

        52          4          0          0          0        642   dma.o
        88          4          0          0          0        711   gpio.o
         0          0          0          0          0       2960   iotx_mqtt_client.o
       176          0          0          0          0     457308   main.o
       624         18          0          0          0       2788   mqttconnectclient.o
       174          0          0          0          0       1510   mqttdeserializepublish.o
       460         60        188          0       2068       3723   mqttinterface.o
       534         18          0          4          0       7896   mqttpacket.o
       146          0          0          0          0        961   mqttsubscribeclient.o
       180         22          0          0         20       1391   rtc.o
        36          8        304          0       1024        764   startup_stm32f103xe.o
       192         36          0          9          0       6197   stm32f1xx_hal.o
       298         22          0          0          0      25947   stm32f1xx_hal_cortex.o
      1684         28          0          0          0       4390   stm32f1xx_hal_dma.o
       832         42          0          0          0       1972   stm32f1xx_hal_gpio.o
        84         10          0          0          0        786   stm32f1xx_hal_msp.o
        12          4          0          0          0        475   stm32f1xx_hal_pwr.o
      1816        108          0          0          0       5652   stm32f1xx_hal_rcc.o
       620         46          0          0          0       2313   stm32f1xx_hal_rcc_ex.o
      1178         18          0          0          0       8552   stm32f1xx_hal_rtc.o
      1698         26          0          0          0      10561   stm32f1xx_hal_uart.o
        68         12          0          0          0       4325   stm32f1xx_it.o
        88         18         24          4          0       1043   system_stm32f1xx.o
       544         68          0          0       1164       4657   usart.o

    ----------------------------------------------------------------------
     11606        572        550         20       4276     557524   Object Totals
         0          0         32          0          0          0   (incl. Generated)
        22          0          2          3          0          0   (incl. Padding)

    ----------------------------------------------------------------------

      Code (inc. data)   RO Data    RW Data    ZI Data      Debug   Library Member Name

         0          0          0          0          0          0   entry.o
         0          0          0          0          0          0   entry10a.o
         0          0          0          0          0          0   entry11a.o
         8          4          0          0          0          0   entry2.o
         4          0          0          0          0          0   entry5.o
         0          0          0          0          0          0   entry7b.o
         0          0          0          0          0          0   entry8b.o
         8          4          0          0          0          0   entry9a.o
        30          0          0          0          0          0   handlers.o
        36          8          0          0          0         68   init.o
        36          0          0          0          0         68   memcpya.o
        36          0          0          0          0        108   memseta.o
        14          0          0          0          0         68   strlen.o

    ----------------------------------------------------------------------
       176         16          0          0          0        312   Library Totals
         4          0          0          0          0          0   (incl. Padding)

    ----------------------------------------------------------------------

      Code (inc. data)   RO Data    RW Data    ZI Data      Debug   Library Name

       172         16          0          0          0        312   mc_w.l

    ----------------------------------------------------------------------
       176         16          0          0          0        312   Library Totals

    ----------------------------------------------------------------------

==============================================================================


      Code (inc. data)   RO Data    RW Data    ZI Data      Debug   

     11782        588        550         20       4276     552788   Grand Totals
     11782        588        550         20       4276     552788   ELF Image Totals
     11782        588        550         20          0          0   ROM Totals

==============================================================================

    Total RO  Size (Code + RO Data)                12332 (  12.04kB)
    Total RW  Size (RW Data + ZI Data)              4296 (   4.20kB)
    Total ROM Size (Code + RO Data + RW Data)      12352 (  12.06kB)

==============================================================================

